ARM Linker, 5.03 [Build 24] [MDK-ARM Standard]

==============================================================================

Section Cross References

    system_stm32f10x.o(.text) refers to system_stm32f10x.o(.data) for SystemCoreClock
    main.o(.text) refers to init.o(.text) for systemInit
    main.o(.text) refers to stm32f10x_tim.o(.text) for TIM_Cmd
    main.o(.text) refers to mb.o(.text) for eMBEnable
    main.o(.text) refers to controlfunction.o(.text) for Botton_Scan
    main.o(.text) refers to main.o(.data) for bottonValue
    main.o(.text) refers to timer.o(.data) for controlOn
    init.o(.text) refers to delay.o(.text) for delay_init
    init.o(.text) refers to sys.o(.text) for NVIC_Configuration
    init.o(.text) refers to led.o(.text) for LED_Init
    init.o(.text) refers to controlfunction.o(.text) for ControlFunction_Init
    init.o(.text) refers to exti.o(.text) for EXTIX_Init
    init.o(.text) refers to rtc.o(.text) for RTC_Init
    init.o(.text) refers to timer.o(.text) for TIM2_Int_Init
    init.o(.text) refers to mb.o(.text) for eMBInit
    init.o(.text) refers to exfuns.o(.text) for exfuns_init
    init.o(.text) refers to malloc.o(.text) for mem_init
    init.o(.text) refers to mmc_sd.o(.text) for SD_Initialize
    init.o(.text) refers to ff.o(.text) for f_mount
    init.o(.text) refers to fattester.o(.text) for write_file
    init.o(.text) refers to recordmanage.o(.text) for Power_Event_Save
    init.o(.text) refers to init.o(.data) for controllerAddr
    init.o(.text) refers to fattester.o(.data) for fs
    init.o(.text) refers to init.o(.bss) for sdBug
    controlfunction.o(.text) refers to stm32f10x_rcc.o(.text) for RCC_APB2PeriphClockCmd
    controlfunction.o(.text) refers to stm32f10x_gpio.o(.text) for GPIO_Init
    controlfunction.o(.text) refers to stm32f10x_tim.o(.text) for TIM_Cmd
    controlfunction.o(.text) refers to delay.o(.text) for delay_ms
    controlfunction.o(.text) refers to timer.o(.data) for TimeOut
    controlfunction.o(.text) refers to controlfunction.o(.data) for key_up
    controlfunction.o(.text) refers to main.o(.data) for limitValue
    startup_stm32f10x_hd.o(RESET) refers to startup_stm32f10x_hd.o(STACK) for __initial_sp
    startup_stm32f10x_hd.o(RESET) refers to startup_stm32f10x_hd.o(.text) for Reset_Handler
    startup_stm32f10x_hd.o(RESET) refers to stm32f10x_it.o(.text) for NMI_Handler
    startup_stm32f10x_hd.o(RESET) refers to rtc.o(.text) for RTC_IRQHandler
    startup_stm32f10x_hd.o(RESET) refers to exti.o(.text) for EXTI2_IRQHandler
    startup_stm32f10x_hd.o(RESET) refers to timer.o(.text) for TIM2_IRQHandler
    startup_stm32f10x_hd.o(RESET) refers to porttimer.o(.text) for TIM4_IRQHandler
    startup_stm32f10x_hd.o(RESET) refers to portserial.o(.text) for USART2_IRQHandler
    startup_stm32f10x_hd.o(.text) refers to system_stm32f10x.o(.text) for SystemInit
    startup_stm32f10x_hd.o(.text) refers to entry.o(.ARM.Collect$$$$00000000) for __main
    stm32f10x_adc.o(.text) refers to stm32f10x_rcc.o(.text) for RCC_APB2PeriphResetCmd
    stm32f10x_bkp.o(.text) refers to stm32f10x_rcc.o(.text) for RCC_BackupResetCmd
    stm32f10x_can.o(.text) refers to stm32f10x_rcc.o(.text) for RCC_APB1PeriphResetCmd
    stm32f10x_cec.o(.text) refers to stm32f10x_rcc.o(.text) for RCC_APB1PeriphResetCmd
    stm32f10x_dac.o(.text) refers to stm32f10x_rcc.o(.text) for RCC_APB1PeriphResetCmd
    stm32f10x_gpio.o(.text) refers to stm32f10x_rcc.o(.text) for RCC_APB2PeriphResetCmd
    stm32f10x_i2c.o(.text) refers to stm32f10x_rcc.o(.text) for RCC_APB1PeriphResetCmd
    stm32f10x_pwr.o(.text) refers to stm32f10x_rcc.o(.text) for RCC_APB1PeriphResetCmd
    stm32f10x_rcc.o(.text) refers to stm32f10x_rcc.o(.data) for APBAHBPrescTable
    stm32f10x_spi.o(.text) refers to stm32f10x_rcc.o(.text) for RCC_APB2PeriphResetCmd
    stm32f10x_tim.o(.text) refers to stm32f10x_rcc.o(.text) for RCC_APB2PeriphResetCmd
    stm32f10x_usart.o(.text) refers to stm32f10x_rcc.o(.text) for RCC_APB2PeriphResetCmd
    stm32f10x_wwdg.o(.text) refers to stm32f10x_rcc.o(.text) for RCC_APB1PeriphResetCmd
    mbfunccoils.o(.text) refers to port.o(.text) for eMBRegCoilsCB
    mbfunccoils.o(.text) refers to mbutils.o(.text) for prveMBError2Exception
    mbfuncdisc.o(.text) refers to port.o(.text) for eMBRegDiscreteCB
    mbfuncdisc.o(.text) refers to mbutils.o(.text) for prveMBError2Exception
    mbfuncholding.o(.text) refers to port.o(.text) for eMBRegHoldingCB
    mbfuncholding.o(.text) refers to mbutils.o(.text) for prveMBError2Exception
    mbfuncinput.o(.text) refers to port.o(.text) for eMBRegInputCB
    mbfuncinput.o(.text) refers to mbutils.o(.text) for prveMBError2Exception
    mbfuncother.o(.text) refers to memcpya.o(.text) for __aeabi_memcpy
    mbfuncother.o(.text) refers to mbfuncother.o(.data) for usMBSlaveIDLen
    mbfuncother.o(.text) refers to mbfuncother.o(.bss) for ucMBSlaveID
    mbcrc.o(.text) refers to mbcrc.o(.constdata) for aucCRCHi
[...]
    .text                                    0x08003e24   Section        0  spi.o(.text)
    .text                                    0x08003f2c   Section        0  mmc_sd.o(.text)
    .text                                    0x08004490   Section        0  malloc.o(.text)
    .text                                    0x080046c0   Section        0  led.o(.text)
    .text                                    0x080046f8   Section        0  rtc.o(.text)
    RTC_NVIC_Config                          0x080046f9   Thumb Code    32  rtc.o(.text)
    .text                                    0x08004a78   Section        0  timer.o(.text)
    .text                                    0x08005414   Section        0  recordmanage.o(.text)
    .text                                    0x080055f8   Section        0  exti.o(.text)
    .text                                    0x08005a24   Section        0  delay.o(.text)
    .text                                    0x08005af4   Section        0  sys.o(.text)
    .text                                    0x08005b00   Section        0  usart.o(.text)
    .text                                    0x08005bc4   Section        0  diskio.o(.text)
    .text                                    0x08005d10   Section        0  ff.o(.text)
    mem_cpy                                  0x08005d11   Thumb Code    26  ff.o(.text)
    mem_set                                  0x08005d2b   Thumb Code    20  ff.o(.text)
    mem_cmp                                  0x08005d3f   Thumb Code    38  ff.o(.text)
    chk_chr                                  0x08005d65   Thumb Code    20  ff.o(.text)
    move_window                              0x08005d79   Thumb Code   114  ff.o(.text)
    sync                                     0x08005deb   Thumb Code   202  ff.o(.text)
    remove_chain                             0x080060ed   Thumb Code   104  ff.o(.text)
    create_chain                             0x08006155   Thumb Code   202  ff.o(.text)
    clmt_clust                               0x0800621f   Thumb Code    50  ff.o(.text)
    dir_sdi                                  0x08006251   Thumb Code   156  ff.o(.text)
    dir_next                                 0x080062ed   Thumb Code   276  ff.o(.text)
    cmp_lfn                                  0x08006401   Thumb Code   138  ff.o(.text)
    pick_lfn                                 0x0800648b   Thumb Code   112  ff.o(.text)
    fit_lfn                                  0x080064fb   Thumb Code   122  ff.o(.text)
    sum_sfn                                  0x08006631   Thumb Code    32  ff.o(.text)
    dir_find                                 0x08006651   Thumb Code   222  ff.o(.text)
    dir_read                                 0x0800672f   Thumb Code   188  ff.o(.text)
    dir_register                             0x080067eb   Thumb Code   414  ff.o(.text)
    dir_remove                               0x08006989   Thumb Code    96  ff.o(.text)
    create_name                              0x080069e9   Thumb Code   706  ff.o(.text)
    get_fileinfo                             0x08006cab   Thumb Code   316  ff.o(.text)
    follow_path                              0x08006de7   Thumb Code   206  ff.o(.text)
    check_fs                                 0x08006eb5   Thumb Code   138  ff.o(.text)
    chk_mounted                              0x08006f3f   Thumb Code   904  ff.o(.text)
    validate                                 0x080072c7   Thumb Code    66  ff.o(.text)
    .text                                    0x08008e48   Section        0  fattester.o(.text)
    .text                                    0x08009668   Section        0  exfuns.o(.text)
    .text                                    0x0800980c   Section        0  cc936.o(.text)
    .text                                    0x080098c0   Section        0  memcpya.o(.text)
    .text                                    0x080098e4   Section        0  strcat.o(.text)
    .text                                    0x080098fc   Section        0  strcmp.o(.text)
    .text                                    0x08009918   Section        0  strcpy.o(.text)
    .text                                    0x0800992a   Section        0  uidiv.o(.text)
    .text                                    0x08009958   Section       36  init.o(.text)
    .text                                    0x0800997c   Section        0  __dczerorl2.o(.text)
    i.__0printf$3                            0x080099d8   Section        0  printf3.o(i.__0printf$3)
    i.__scatterload_copy                     0x080099f8   Section       14  handlers.o(i.__scatterload_copy)
    i.__scatterload_null                     0x08009a06   Section        2  handlers.o(i.__scatterload_null)
    i.__scatterload_zeroinit                 0x08009a08   Section       14  handlers.o(i.__scatterload_zeroinit)
    i._printf_core                           0x08009a18   Section        0  printf3.o(i._printf_core)
    _printf_core                             0x08009a19   Thumb Code   436  printf3.o(i._printf_core)
    .constdata                               0x08009bd0   Section      512  mbcrc.o(.constdata)
    aucCRCHi                                 0x08009bd0   Data         256  mbcrc.o(.constdata)
    aucCRCLo                                 0x08009cd0   Data         256  mbcrc.o(.constdata)
    .constdata                               0x08009dd0   Section       24  malloc.o(.constdata)
    .constdata                               0x08009de8   Section       24  rtc.o(.constdata)
    .constdata                               0x08009e00   Section       58  ff.o(.constdata)
    LfnOfs                                   0x08009e00   Data          13  ff.o(.constdata)
    vst                                      0x08009e0e   Data          22  ff.o(.constdata)
    cst                                      0x08009e24   Data          22  ff.o(.constdata)
    .constdata                               0x08009e3c   Section      126  fattester.o(.constdata)
    .constdata                               0x08009eba   Section      964  cc936.o(.constdata)
    uni2oem                                  0x08009eba   Data           2  cc936.o(.constdata)
    oem2uni                                  0x08009ebc   Data           2  cc936.o(.constdata)
    tbl_lower                                0x08009ebe   Data         480  cc936.o(.constdata)
    tbl_upper                                0x0800a09e   Data         480  cc936.o(.constdata)
    .conststring                             0x0800a27e   Section       88  exfuns.o(.conststring)
    .data                                    0x20000000   Section       20  system_stm32f10x.o(.data)
    .data                                    0x20000014   Section       17  main.o(.data)
    .data                                    0x20000025   Section        2  init.o(.data)
    .data                                    0x20000027   Section        1  controlfunction.o(.data)
    key_up                                   0x20000027   Data           1  controlfunction.o(.data)
    .data                                    0x20000028   Section       20  stm32f10x_rcc.o(.data)
    APBAHBPrescTable                         0x20000028   Data          16  stm32f10x_rcc.o(.data)
    ADCPrescTable                            0x20000038   Data           4  stm32f10x_rcc.o(.data)
    .data                                    0x2000003c   Section        2  mbfuncother.o(.data)
    usMBSlaveIDLen                           0x2000003c   Data           2  mbfuncother.o(.data)
    .data                                    0x20000040   Section       12  mbrtu.o(.data)
    eSndState                                0x20000040   Data           1  mbrtu.o(.data)
    eRcvState                                0x20000041   Data           1  mbrtu.o(.data)
    pucSndBufferCur                          0x20000044   Data           4  mbrtu.o(.data)
    usSndBufferCount                         0x20000048   Data           2  mbrtu.o(.data)
    usRcvBufferPos                           0x2000004a   Data           2  mbrtu.o(.data)
    .data                                    0x2000004c   Section      184  mb.o(.data)
    eMBState                                 0x2000004c   Data           1  mb.o(.data)
    xFuncHandlers                            0x20000050   Data         128  mb.o(.data)
    ucMBFrame                                0x200000d0   Data           4  mb.o(.data)
    ucRcvAddress                             0x200000d4   Data           1  mb.o(.data)
    ucFunctionCode                           0x200000d5   Data           1  mb.o(.data)
    usLength                                 0x200000d6   Data           2  mb.o(.data)
    eException                               0x200000d8   Data           1  mb.o(.data)
    ucMBAddress                              0x200000d9   Data           1  mb.o(.data)
    eMBCurrentMode                           0x200000da   Data           1  mb.o(.data)
    peMBFrameSendCur                         0x200000dc   Data           4  mb.o(.data)
    pvMBFrameStartCur                        0x200000e0   Data           4  mb.o(.data)
    pvMBFrameStopCur                         0x200000e4   Data           4  mb.o(.data)
    peMBFrameReceiveCur                      0x200000e8   Data           4  mb.o(.data)
    pvMBFrameCloseCur                        0x200000ec   Data           4  mb.o(.data)
    .data                                    0x20000104   Section        2  portevent.o(.data)
    eQueuedEvent                             0x20000104   Data           1  portevent.o(.data)
    xEventInQueue                            0x20000105   Data           1  portevent.o(.data)
    .data                                    0x20000106   Section       32  port.o(.data)
    .data                                    0x20000126   Section        1  rs485.o(.data)
    .data                                    0x20000127   Section        1  mmc_sd.o(.data)
    .data                                    0x20000128   Section       28  malloc.o(.data)
    .data                                    0x20000144   Section        2  rtc.o(.data)
    daycnt                                   0x20000144   Data           2  rtc.o(.data)
    .data                                    0x20000148   Section       19  timer.o(.data)
    .data                                    0x2000015b   Section        1  exti.o(.data)
    .data                                    0x2000015c   Section        4  delay.o(.data)
    fac_us                                   0x2000015c   Data           1  delay.o(.data)
    fac_ms                                   0x2000015e   Data           2  delay.o(.data)
    .data                                    0x20000160   Section        8  usart.o(.data)
    .data                                    0x20000168   Section       11  ff.o(.data)
    FatFs                                    0x20000168   Data           8  ff.o(.data)
    Fsid                                     0x20000170   Data           2  ff.o(.data)
    CurrVol                                  0x20000172   Data           1  ff.o(.data)
    .data                                    0x20000174   Section       28  fattester.o(.data)
    .data                                    0x20000190   Section      312  exfuns.o(.data)
    .bss                                     0x200002c8   Section       20  init.o(.bss)
    .bss                                     0x200002dc   Section       32  mbfuncother.o(.bss)
    ucMBSlaveID                              0x200002dc   Data          32  mbfuncother.o(.bss)
    .bss                                     0x200002fc   Section      256  mbrtu.o(.bss)
    .bss                                     0x200003fc   Section      168  port.o(.bss)
    .bss                                     0x200004a4   Section       64  rs485.o(.bss)
    .bss                                     0x200004e4   Section    10880  malloc.o(.bss)
    .bss                                     0x20002f64   Section       10  rtc.o(.bss)
    .bss                                     0x20002f6e   Section       30  exti.o(.bss)
    .bss                                     0x20002f8c   Section       68  fattester.o(.bss)
    STACK                                    0x20002fd0   Section     1024  startup_stm32f10x_hd.o(STACK)
    .ARM.__AT_0x68000000                     0x68000000   Section    196608  malloc.o(.ARM.__AT_0x68000000)
    .ARM.__AT_0x68030000                     0x68030000   Section    12288  malloc.o(.ARM.__AT_0x68030000)

    Global Symbols

    Symbol Name                              Value     Ov Type        Size  Object(Section)

    BuildAttributes$$THM_ISAv4$P$D$K$B$S$PE$A:L22UL41UL21$X:L11$S22US41US21$IEEE1$IW$USESV6$~STKCKD$USESV7$~SHL$OSPACE$ROPI$EBA8$MICROLIB$REQ8$PRES8$EABIv2 0x00000000   Number         0  anon$$obj.o ABSOLUTE
    __ARM_use_no_argv                        0x00000000   Number         0  main.o ABSOLUTE
    __use_no_errno                           0x00000000   Number         0  useno.o ABSOLUTE
    __use_no_exception_handling              0x00000000   Number         0  useno.o ABSOLUTE
    __use_no_fp                              0x00000000   Number         0  useno.o ABSOLUTE
    __use_no_heap                            0x00000000   Number         0  useno.o ABSOLUTE
    __use_no_heap_region                     0x00000000   Number         0  useno.o ABSOLUTE
    __use_no_semihosting                     0x00000000   Number         0  useno.o ABSOLUTE
    __use_no_semihosting_swi                 0x00000000   Number         0  useno.o ABSOLUTE
    __use_no_signal_handling                 0x00000000   Number         0  useno.o ABSOLUTE
    _printf_a                                0x00000000   Number         0  stubs.o ABSOLUTE
    _printf_c                                0x00000000   Number         0  stubs.o ABSOLUTE
    _printf_charcount                        0x00000000   Number         0  stubs.o ABSOLUTE
    _printf_d                                0x00000000   Number         0  stubs.o ABSOLUTE
    _printf_e                                0x00000000   Number         0  stubs.o ABSOLUTE
    _printf_f                                0x00000000   Number         0  stubs.o ABSOLUTE
    _printf_flags                            0x00000000   Number         0  stubs.o ABSOLUTE
    _printf_fp_dec                           0x00000000   Number         0  stubs.o ABSOLUTE
    _printf_fp_hex                           0x00000000   Number         0  stubs.o ABSOLUTE
    _printf_g                                0x00000000   Number         0  stubs.o ABSOLUTE
    _printf_i                                0x00000000   Number         0  stubs.o ABSOLUTE
    _printf_int_dec                          0x00000000   Number         0  stubs.o ABSOLUTE
    _printf_l                                0x00000000   Number         0  stubs.o ABSOLUTE
    _printf_lc                               0x00000000   Number         0  stubs.o ABSOLUTE
    _printf_ll                               0x00000000   Number         0  stubs.o ABSOLUTE
    _printf_lld                              0x00000000   Number         0  stubs.o ABSOLUTE
    _printf_lli                              0x00000000   Number         0  stubs.o ABSOLUTE
    _printf_llo                              0x00000000   Number         0  stubs.o ABSOLUTE
    _printf_llu                              0x00000000   Number         0  stubs.o ABSOLUTE
    _printf_llx                              0x00000000   Number         0  stubs.o ABSOLUTE
    _printf_longlong_dec                     0x00000000   Number         0  stubs.o ABSOLUTE
    _printf_longlong_hex                     0x00000000   Number         0  stubs.o ABSOLUTE
    _printf_longlong_oct                     0x00000000   Number         0  stubs.o ABSOLUTE
    _printf_ls                               0x00000000   Number         0  stubs.o ABSOLUTE
    _printf_mbtowc                           0x00000000   Number         0  stubs.o ABSOLUTE
    _printf_n                                0x00000000   Number         0  stubs.o ABSOLUTE
    _printf_o                                0x00000000   Number         0  stubs.o ABSOLUTE
    _printf_p                                0x00000000   Number         0  stubs.o ABSOLUTE
    _printf_percent                          0x00000000   Number         0  stubs.o ABSOLUTE
    _printf_pre_padding                      0x00000000   Number         0  stubs.o ABSOLUTE
    _printf_return_value                     0x00000000   Number         0  stubs.o ABSOLUTE
    _printf_s                                0x00000000   Number         0  stubs.o ABSOLUTE
    _printf_sizespec                         0x00000000   Number         0  stubs.o ABSOLUTE
    _printf_str                              0x00000000   Number         0  stubs.o ABSOLUTE
    _printf_truncate_signed                  0x00000000   Number         0  stubs.o ABSOLUTE
    _printf_truncate_unsigned                0x00000000   Number         0  stubs.o ABSOLUTE
    _printf_u                                0x00000000   Number         0  stubs.o ABSOLUTE
    _printf_wc                               0x00000000   Number         0  stubs.o ABSOLUTE
    _printf_wctomb                           0x00000000   Number         0  stubs.o ABSOLUTE
    _printf_widthprec                        0x00000000   Number         0  stubs.o ABSOLUTE
    _printf_x                                0x00000000   Number         0  stubs.o ABSOLUTE
    __cpp_initialize__aeabi_                  - Undefined Weak Reference
    __cxa_finalize                            - Undefined Weak Reference
    _clock_init                               - Undefined Weak Reference
    _microlib_exit                            - Undefined Weak Reference
    __Vectors_Size                           0x00000130   Number         0  startup_stm32f10x_hd.o ABSOLUTE
    __Vectors                                0x08000000   Data           4  startup_stm32f10x_hd.o(RESET)
    __Vectors_End                            0x08000130   Data           0  startup_stm32f10x_hd.o(RESET)
    __main                                   0x08000131   Thumb Code     0  entry.o(.ARM.Collect$$$$00000000)
    _main_stk                                0x08000131   Thumb Code     0  entry2.o(.ARM.Collect$$$$00000001)
    _main_scatterload                        0x08000135   Thumb Code     0  entry5.o(.ARM.Collect$$$$00000004)
    __main_after_scatterload                 0x08000139   Thumb Code     0  entry5.o(.ARM.Collect$$$$00000004)
    _main_clock                              0x08000139   Thumb Code     0  entry7b.o(.ARM.Collect$$$$00000008)
    _main_cpp_init                           0x08000139   Thumb Code     0  entry8b.o(.ARM.Collect$$$$0000000A)
    _main_init                               0x08000139   Thumb Code     0  entry9a.o(.ARM.Collect$$$$0000000B)
    __rt_final_cpp                           0x08000141   Thumb Code     0  entry10a.o(.ARM.Collect$$$$0000000D)
    __rt_final_exit                          0x08000141   Thumb Code     0  entry11a.o(.ARM.Collect$$$$0000000F)
    NMI_Handler                              0x08000145   Thumb Code     2  stm32f10x_it.o(.text)
    HardFault_Handler                        0x08000147   Thumb Code     4  stm32f10x_it.o(.text)
    MemManage_Handler                        0x0800014b   Thumb Code     4  stm32f10x_it.o(.text)
    BusFault_Handler                         0x0800014f   Thumb Code     4  stm32f10x_it.o(.text)
    UsageFault_Handler                       0x08000153   Thumb Code     4  stm32f10x_it.o(.text)
    SVC_Handler                              0x08000157   Thumb Code     2  stm32f10x_it.o(.text)
    DebugMon_Handler                         0x08000159   Thumb Code     2  stm32f10x_it.o(.text)
    PendSV_Handler                           0x0800015b   Thumb Code     2  stm32f10x_it.o(.text)
    SysTick_Handler                          0x0800015d   Thumb Code     2  stm32f10x_it.o(.text)
    SystemInit                               0x0800023d   Thumb Code    78  system_stm32f10x.o(.text)
    SystemCoreClockUpdate                    0x0800028b   Thumb Code   142  system_stm32f10x.o(.text)
    main                                     0x0800033d   Thumb Code   296  main.o(.text)
    systemInit                               0x080004b1   Thumb Code   204  init.o(.text)
    ControlFunction_Init                     0x080005a1   Thumb Code   230  controlfunction.o(.text)
    Bollard_Control                          0x08000687   Thumb Code   294  controlfunction.o(.text)
    Botton_Scan                              0x080007ad   Thumb Code   116  controlfunction.o(.text)
    Botton_Control                           0x08000821   Thumb Code    66  controlfunction.o(.text)
    Alarm_Control                            0x08000863   Thumb Code    26  controlfunction.o(.text)
    Limit_Scan                               0x0800087d   Thumb Code    58  controlfunction.o(.text)
    Cascade_Connection_Scan                  0x080008b7   Thumb Code    62  controlfunction.o(.text)
    Bollard_Status_Scan                      0x080008f5   Thumb Code    80  controlfunction.o(.text)
    Ground_Coil_Scan                         0x08000945   Thumb Code    16  controlfunction.o(.text)
    Reset_Handler                            0x080009d9   Thumb Code     8  startup_stm32f10x_hd.o(.text)
    ADC1_2_IRQHandler                        0x080009f3   Thumb Code     0  startup_stm32f10x_hd.o(.text)
    ADC3_IRQHandler                          0x080009f3   Thumb Code     0  startup_stm32f10x_hd.o(.text)
    CAN1_RX1_IRQHandler                      0x080009f3   Thumb Code     0  startup_stm32f10x_hd.o(.text)
    CAN1_SCE_IRQHandler                      0x080009f3   Thumb Code     0  startup_stm32f10x_hd.o(.text)
    DMA1_Channel1_IRQHandler                 0x080009f3   Thumb Code     0  startup_stm32f10x_hd.o(.text)
    DMA1_Channel2_IRQHandler                 0x080009f3   Thumb Code     0  startup_stm32f10x_hd.o(.text)
    DMA1_Channel3_IRQHandler                 0x080009f3   Thumb Code     0  startup_stm32f10x_hd.o(.text)
    DMA1_Channel4_IRQHandler                 0x080009f3   Thumb Code     0  startup_stm32f10x_hd.o(.text)
    DMA1_Channel5_IRQHandler                 0x080009f3   Thumb Code     0  startup_stm32f10x_hd.o(.text)
    DMA1_Channel6_IRQHandler                 0x080009f3   Thumb Code     0  startup_stm32f10x_hd.o(.text)
    DMA1_Channel7_IRQHandler                 0x080009f3   Thumb Code     0  startup_stm32f10x_hd.o(.text)
    DMA2_Channel1_IRQHandler                 0x080009f3   Thumb Code     0  startup_stm32f10x_hd.o(.text)
    DMA2_Channel2_IRQHandler                 0x080009f3   Thumb Code     0  startup_stm32f10x_hd.o(.text)
    DMA2_Channel3_IRQHandler                 0x080009f3   Thumb Code     0  startup_stm32f10x_hd.o(.text)
    DMA2_Channel4_5_IRQHandler               0x080009f3   Thumb Code     0  startup_stm32f10x_hd.o(.text)
    EXTI0_IRQHandler                         0x080009f3   Thumb Code     0  startup_stm32f10x_hd.o(.text)
    EXTI1_IRQHandler                         0x080009f3   Thumb Code     0  startup_stm32f10x_hd.o(.text)
    EXTI3_IRQHandler                         0x080009f3   Thumb Code     0  startup_stm32f10x_hd.o(.text)
    EXTI4_IRQHandler                         0x080009f3   Thumb Code     0  startup_stm32f10x_hd.o(.text)
    FLASH_IRQHandler                         0x080009f3   Thumb Code     0  startup_stm32f10x_hd.o(.text)
    FSMC_IRQHandler                          0x080009f3   Thumb Code     0  startup_stm32f10x_hd.o(.text)
    I2C1_ER_IRQHandler                       0x080009f3   Thumb Code     0  startup_stm32f10x_hd.o(.text)
    I2C1_EV_IRQHandler                       0x080009f3   Thumb Code     0  startup_stm32f10x_hd.o(.text)
    I2C2_ER_IRQHandler                       0x080009f3   Thumb Code     0  startup_stm32f10x_hd.o(.text)
    I2C2_EV_IRQHandler                       0x080009f3   Thumb Code     0  startup_stm32f10x_hd.o(.text)
    PVD_IRQHandler                           0x080009f3   Thumb Code     0  startup_stm32f10x_hd.o(.text)
    RCC_IRQHandler                           0x080009f3   Thumb Code     0  startup_stm32f10x_hd.o(.text)
    RTCAlarm_IRQHandler                      0x080009f3   Thumb Code     0  startup_stm32f10x_hd.o(.text)
    SDIO_IRQHandler                          0x080009f3   Thumb Code     0  startup_stm32f10x_hd.o(.text)
    SPI1_IRQHandler                          0x080009f3   Thumb Code     0  startup_stm32f10x_hd.o(.text)
    SPI2_IRQHandler                          0x080009f3   Thumb Code     0  startup_stm32f10x_hd.o(.text)
    SPI3_IRQHandler                          0x080009f3   Thumb Code     0  startup_stm32f10x_hd.o(.text)
    TAMPER_IRQHandler                        0x080009f3   Thumb Code     0  startup_stm32f10x_hd.o(.text)
    TIM1_BRK_IRQHandler                      0x080009f3   Thumb Code     0  startup_stm32f10x_hd.o(.text)
    TIM1_CC_IRQHandler                       0x080009f3   Thumb Code     0  startup_stm32f10x_hd.o(.text)
    TIM1_TRG_COM_IRQHandler                  0x080009f3   Thumb Code     0  startup_stm32f10x_hd.o(.text)
    TIM1_UP_IRQHandler                       0x080009f3   Thumb Code     0  startup_stm32f10x_hd.o(.text)
    TIM6_IRQHandler                          0x080009f3   Thumb Code     0  startup_stm32f10x_hd.o(.text)
    TIM7_IRQHandler                          0x080009f3   Thumb Code     0  startup_stm32f10x_hd.o(.text)
    TIM8_BRK_IRQHandler                      0x080009f3   Thumb Code     0  startup_stm32f10x_hd.o(.text)
    TIM8_CC_IRQHandler                       0x080009f3   Thumb Code     0  startup_stm32f10x_hd.o(.text)
    TIM8_TRG_COM_IRQHandler                  0x080009f3   Thumb Code     0  startup_stm32f10x_hd.o(.text)
    TIM8_UP_IRQHandler                       0x080009f3   Thumb Code     0  startup_stm32f10x_hd.o(.text)
    UART4_IRQHandler                         0x080009f3   Thumb Code     0  startup_stm32f10x_hd.o(.text)
    UART5_IRQHandler                         0x080009f3   Thumb Code     0  startup_stm32f10x_hd.o(.text)
    USART1_IRQHandler                        0x080009f3   Thumb Code     0  startup_stm32f10x_hd.o(.text)
    USART3_IRQHandler                        0x080009f3   Thumb Code     0  startup_stm32f10x_hd.o(.text)
    USBWakeUp_IRQHandler                     0x080009f3   Thumb Code     0  startup_stm32f10x_hd.o(.text)
    USB_HP_CAN1_TX_IRQHandler                0x080009f3   Thumb Code     0  startup_stm32f10x_hd.o(.text)
    USB_LP_CAN1_RX0_IRQHandler               0x080009f3   Thumb Code     0  startup_stm32f10x_hd.o(.text)
    WWDG_IRQHandler                          0x080009f3   Thumb Code     0  startup_stm32f10x_hd.o(.text)
    NVIC_PriorityGroupConfig                 0x080009fd   Thumb Code    10  misc.o(.text)
    NVIC_Init                                0x08000a07   Thumb Code   102  misc.o(.text)
    NVIC_SetVectorTable                      0x08000a6d   Thumb Code    14  misc.o(.text)
    NVIC_SystemLPConfig                      0x08000a7b   Thumb Code    34  misc.o(.text)
    SysTick_CLKSourceConfig                  0x08000a9d   Thumb Code    40  misc.o(.text)
    BKP_DeInit                               0x08000ad9   Thumb Code    16  stm32f10x_bkp.o(.text)
    BKP_TamperPinLevelConfig                 0x08000ae9   Thumb Code     6  stm32f10x_bkp.o(.text)
    BKP_TamperPinCmd                         0x08000aef   Thumb Code     8  stm32f10x_bkp.o(.text)
    BKP_ITConfig                             0x08000af7   Thumb Code     8  stm32f10x_bkp.o(.text)
    BKP_RTCOutputConfig                      0x08000aff   Thumb Code    22  stm32f10x_bkp.o(.text)
    BKP_SetRTCCalibrationValue               0x08000b15   Thumb Code    22  stm32f10x_bkp.o(.text)
    BKP_WriteBackupRegister                  0x08000b2b   Thumb Code    24  stm32f10x_bkp.o(.text)
    BKP_ReadBackupRegister                   0x08000b43   Thumb Code    26  stm32f10x_bkp.o(.text)
    BKP_GetFlagStatus                        0x08000b5d   Thumb Code    10  stm32f10x_bkp.o(.text)
    BKP_ClearFlag                            0x08000b67   Thumb Code    18  stm32f10x_bkp.o(.text)
    BKP_GetITStatus                          0x08000b79   Thumb Code    10  stm32f10x_bkp.o(.text)
    BKP_ClearITPendingBit                    0x08000b83   Thumb Code    18  stm32f10x_bkp.o(.text)
    EXTI_DeInit                              0x08000b9d   Thumb Code    28  stm32f10x_exti.o(.text)
    EXTI_Init                                0x08000bb9   Thumb Code   142  stm32f10x_exti.o(.text)
    EXTI_StructInit                          0x08000c47   Thumb Code    16  stm32f10x_exti.o(.text)
    EXTI_GenerateSWInterrupt                 0x08000c57   Thumb Code    16  stm32f10x_exti.o(.text)
    EXTI_GetFlagStatus                       0x08000c67   Thumb Code    22  stm32f10x_exti.o(.text)
    EXTI_ClearFlag                           0x08000c7d   Thumb Code     8  stm32f10x_exti.o(.text)
    EXTI_GetITStatus                         0x08000c85   Thumb Code    34  stm32f10x_exti.o(.text)
    EXTI_ClearITPendingBit                   0x08000ca7   Thumb Code     8  stm32f10x_exti.o(.text)
    GPIO_DeInit                              0x08000cb9   Thumb Code   172  stm32f10x_gpio.o(.text)
    GPIO_AFIODeInit                          0x08000d65   Thumb Code    20  stm32f10x_gpio.o(.text)
    GPIO_Init                                0x08000d79   Thumb Code   274  stm32f10x_gpio.o(.text)
    GPIO_StructInit                          0x08000e8b   Thumb Code    16  stm32f10x_gpio.o(.text)
    GPIO_ReadInputDataBit                    0x08000e9b   Thumb Code    18  stm32f10x_gpio.o(.text)
    GPIO_ReadInputData                       0x08000ead   Thumb Code     8  stm32f10x_gpio.o(.text)
    GPIO_ReadOutputDataBit                   0x08000eb5   Thumb Code    18  stm32f10x_gpio.o(.text)
    GPIO_ReadOutputData                      0x08000ec7   Thumb Code     8  stm32f10x_gpio.o(.text)
    GPIO_SetBits                             0x08000ecf   Thumb Code     4  stm32f10x_gpio.o(.text)
    GPIO_ResetBits                           0x08000ed3   Thumb Code     4  stm32f10x_gpio.o(.text)
    GPIO_WriteBit                            0x08000ed7   Thumb Code    10  stm32f10x_gpio.o(.text)
    GPIO_Write                               0x08000ee1   Thumb Code     4  stm32f10x_gpio.o(.text)
    GPIO_PinLockConfig                       0x08000ee5   Thumb Code    18  stm32f10x_gpio.o(.text)
    GPIO_EventOutputConfig                   0x08000ef7   Thumb Code    26  stm32f10x_gpio.o(.text)
    GPIO_EventOutputCmd                      0x08000f11   Thumb Code     6  stm32f10x_gpio.o(.text)
    GPIO_PinRemapConfig                      0x08000f17   Thumb Code   138  stm32f10x_gpio.o(.text)
    GPIO_EXTILineConfig                      0x08000fa1   Thumb Code    66  stm32f10x_gpio.o(.text)
    GPIO_ETH_MediaInterfaceConfig            0x08000fe3   Thumb Code     6  stm32f10x_gpio.o(.text)
    PWR_DeInit                               0x08001011   Thumb Code    22  stm32f10x_pwr.o(.text)
    PWR_BackupAccessCmd                      0x08001027   Thumb Code     6  stm32f10x_pwr.o(.text)
    PWR_PVDCmd                               0x0800102d   Thumb Code     6  stm32f10x_pwr.o(.text)
    PWR_PVDLevelConfig                       0x08001033   Thumb Code    18  stm32f10x_pwr.o(.text)
    PWR_WakeUpPinCmd                         0x08001045   Thumb Code     6  stm32f10x_pwr.o(.text)
    PWR_EnterSTOPMode                        0x0800104b   Thumb Code    54  stm32f10x_pwr.o(.text)
    PWR_EnterSTANDBYMode                     0x08001081   Thumb Code    42  stm32f10x_pwr.o(.text)
    PWR_GetFlagStatus                        0x080010ab   Thumb Code    20  stm32f10x_pwr.o(.text)
    PWR_ClearFlag                            0x080010bf   Thumb Code    14  stm32f10x_pwr.o(.text)
    RCC_DeInit                               0x080010dd   Thumb Code    64  stm32f10x_rcc.o(.text)
    RCC_HSEConfig                            0x0800111d   Thumb Code    70  stm32f10x_rcc.o(.text)
    RCC_GetFlagStatus                        0x08001163   Thumb Code    56  stm32f10x_rcc.o(.text)
    RCC_WaitForHSEStartUp                    0x0800119b   Thumb Code    56  stm32f10x_rcc.o(.text)
    RCC_AdjustHSICalibrationValue            0x080011d3   Thumb Code    20  stm32f10x_rcc.o(.text)
    RCC_HSICmd                               0x080011e7   Thumb Code     6  stm32f10x_rcc.o(.text)
    RCC_PLLConfig                            0x080011ed   Thumb Code    24  stm32f10x_rcc.o(.text)
    RCC_PLLCmd                               0x08001205   Thumb Code     6  stm32f10x_rcc.o(.text)
    RCC_SYSCLKConfig                         0x0800120b   Thumb Code    18  stm32f10x_rcc.o(.text)
    RCC_GetSYSCLKSource                      0x0800121d   Thumb Code    10  stm32f10x_rcc.o(.text)
    RCC_HCLKConfig                           0x08001227   Thumb Code    18  stm32f10x_rcc.o(.text)
    RCC_PCLK1Config                          0x08001239   Thumb Code    18  stm32f10x_rcc.o(.text)
    RCC_PCLK2Config                          0x0800124b   Thumb Code    20  stm32f10x_rcc.o(.text)
    RCC_ITConfig                             0x0800125f   Thumb Code    26  stm32f10x_rcc.o(.text)
    RCC_USBCLKConfig                         0x08001279   Thumb Code     6  stm32f10x_rcc.o(.text)
    RCC_ADCCLKConfig                         0x0800127f   Thumb Code    18  stm32f10x_rcc.o(.text)
    RCC_LSEConfig                            0x08001291   Thumb Code    44  stm32f10x_rcc.o(.text)
    RCC_LSICmd                               0x080012bd   Thumb Code     6  stm32f10x_rcc.o(.text)
    RCC_RTCCLKConfig                         0x080012c3   Thumb Code    12  stm32f10x_rcc.o(.text)
    RCC_RTCCLKCmd                            0x080012cf   Thumb Code     8  stm32f10x_rcc.o(.text)
    RCC_GetClocksFreq                        0x080012d7   Thumb Code   192  stm32f10x_rcc.o(.text)
    RCC_AHBPeriphClockCmd                    0x08001397   Thumb Code    26  stm32f10x_rcc.o(.text)
    RCC_APB2PeriphClockCmd                   0x080013b1   Thumb Code    26  stm32f10x_rcc.o(.text)
    RCC_APB1PeriphClockCmd                   0x080013cb   Thumb Code    26  stm32f10x_rcc.o(.text)
    RCC_APB2PeriphResetCmd                   0x080013e5   Thumb Code    26  stm32f10x_rcc.o(.text)
    RCC_APB1PeriphResetCmd                   0x080013ff   Thumb Code    26  stm32f10x_rcc.o(.text)
    RCC_BackupResetCmd                       0x08001419   Thumb Code     8  stm32f10x_rcc.o(.text)
    RCC_ClockSecuritySystemCmd               0x08001421   Thumb Code     6  stm32f10x_rcc.o(.text)
    RCC_MCOConfig                            0x08001427   Thumb Code     6  stm32f10x_rcc.o(.text)
    RCC_ClearFlag                            0x0800142d   Thumb Code    14  stm32f10x_rcc.o(.text)
    RCC_GetITStatus                          0x0800143b   Thumb Code    20  stm32f10x_rcc.o(.text)
    RCC_ClearITPendingBit                    0x0800144f   Thumb Code     6  stm32f10x_rcc.o(.text)
    RTC_ITConfig                             0x08001481   Thumb Code    26  stm32f10x_rtc.o(.text)
    RTC_EnterConfigMode                      0x0800149b   Thumb Code    18  stm32f10x_rtc.o(.text)
    RTC_ExitConfigMode                       0x080014ad   Thumb Code    20  stm32f10x_rtc.o(.text)
    RTC_GetCounter                           0x080014c1   Thumb Code    18  stm32f10x_rtc.o(.text)
    RTC_SetCounter                           0x080014d3   Thumb Code    26  stm32f10x_rtc.o(.text)
    RTC_SetPrescaler                         0x080014ed   Thumb Code    28  stm32f10x_rtc.o(.text)
    RTC_SetAlarm                             0x08001509   Thumb Code    26  stm32f10x_rtc.o(.text)
    RTC_GetDivider                           0x08001523   Thumb Code    22  stm32f10x_rtc.o(.text)
    RTC_WaitForLastTask                      0x08001539   Thumb Code    16  stm32f10x_rtc.o(.text)
    RTC_WaitForSynchro                       0x08001549   Thumb Code    34  stm32f10x_rtc.o(.text)
    RTC_GetFlagStatus                        0x0800156b   Thumb Code    22  stm32f10x_rtc.o(.text)
    RTC_ClearFlag                            0x08001581   Thumb Code    16  stm32f10x_rtc.o(.text)
    RTC_GetITStatus                          0x08001591   Thumb Code    32  stm32f10x_rtc.o(.text)
    RTC_ClearITPendingBit                    0x080015b1   Thumb Code    16  stm32f10x_rtc.o(.text)
    SPI_I2S_DeInit                           0x080015c5   Thumb Code    76  stm32f10x_spi.o(.text)
    SPI_Init                                 0x08001611   Thumb Code    60  stm32f10x_spi.o(.text)
    I2S_Init                                 0x0800164d   Thumb Code   226  stm32f10x_spi.o(.text)
    SPI_StructInit                           0x0800172f   Thumb Code    24  stm32f10x_spi.o(.text)
    I2S_StructInit                           0x08001747   Thumb Code    20  stm32f10x_spi.o(.text)
    SPI_Cmd                                  0x0800175b   Thumb Code    24  stm32f10x_spi.o(.text)
    I2S_Cmd                                  0x08001773   Thumb Code    24  stm32f10x_spi.o(.text)
    SPI_I2S_ITConfig                         0x0800178b   Thumb Code    32  stm32f10x_spi.o(.text)
    SPI_I2S_DMACmd                           0x080017ab   Thumb Code    18  stm32f10x_spi.o(.text)
    SPI_I2S_SendData                         0x080017bd   Thumb Code     4  stm32f10x_spi.o(.text)
    SPI_I2S_ReceiveData                      0x080017c1   Thumb Code     6  stm32f10x_spi.o(.text)
    SPI_NSSInternalSoftwareConfig            0x080017c7   Thumb Code    30  stm32f10x_spi.o(.text)
    SPI_SSOutputCmd                          0x080017e5   Thumb Code    24  stm32f10x_spi.o(.text)
    SPI_DataSizeConfig                       0x080017fd   Thumb Code    18  stm32f10x_spi.o(.text)
    SPI_TransmitCRC                          0x0800180f   Thumb Code    10  stm32f10x_spi.o(.text)
    SPI_CalculateCRC                         0x08001819   Thumb Code    24  stm32f10x_spi.o(.text)
    SPI_GetCRC                               0x08001831   Thumb Code    16  stm32f10x_spi.o(.text)
    SPI_GetCRCPolynomial                     0x08001841   Thumb Code     6  stm32f10x_spi.o(.text)
    SPI_BiDirectionalLineConfig              0x08001847   Thumb Code    28  stm32f10x_spi.o(.text)
    SPI_I2S_GetFlagStatus                    0x08001863   Thumb Code    18  stm32f10x_spi.o(.text)
    SPI_I2S_ClearFlag                        0x08001875   Thumb Code     6  stm32f10x_spi.o(.text)
    SPI_I2S_GetITStatus                      0x0800187b   Thumb Code    52  stm32f10x_spi.o(.text)
    SPI_I2S_ClearITPendingBit                0x080018af   Thumb Code    20  stm32f10x_spi.o(.text)
    TIM_DeInit                               0x080018d1   Thumb Code   424  stm32f10x_tim.o(.text)
    TIM_TimeBaseInit                         0x08001a79   Thumb Code   122  stm32f10x_tim.o(.text)
    TIM_OC1Init                              0x08001af3   Thumb Code   132  stm32f10x_tim.o(.text)
    TIM_OC2Init                              0x08001b77   Thumb Code   154  stm32f10x_tim.o(.text)
    TIM_OC3Init                              0x08001c11   Thumb Code   150  stm32f10x_tim.o(.text)
    TIM_OC4Init                              0x08001ca7   Thumb Code   182  stm32f10x_tim.o(.text)
    TIM_SetIC4Prescaler                      0x08001d5d   Thumb Code    26  stm32f10x_tim.o(.text)
    TIM_SetIC3Prescaler                      0x08001df9   Thumb Code    18  stm32f10x_tim.o(.text)
    TIM_SetIC2Prescaler                      0x08001e85   Thumb Code    26  stm32f10x_tim.o(.text)
    TIM_SetIC1Prescaler                      0x08001f21   Thumb Code    18  stm32f10x_tim.o(.text)
    TIM_ICInit                               0x08001f9f   Thumb Code   150  stm32f10x_tim.o(.text)
    TIM_PWMIConfig                           0x08002035   Thumb Code   124  stm32f10x_tim.o(.text)
    TIM_BDTRConfig                           0x080020b1   Thumb Code    32  stm32f10x_tim.o(.text)
    TIM_TimeBaseStructInit                   0x080020d1   Thumb Code    18  stm32f10x_tim.o(.text)
    TIM_OCStructInit                         0x080020e3   Thumb Code    20  stm32f10x_tim.o(.text)
    TIM_ICStructInit                         0x080020f7   Thumb Code    18  stm32f10x_tim.o(.text)
    TIM_BDTRStructInit                       0x08002109   Thumb Code    40  stm32f10x_tim.o(.text)
    TIM_Cmd                                  0x08002131   Thumb Code    24  stm32f10x_tim.o(.text)
    TIM_CtrlPWMOutputs                       0x08002149   Thumb Code    30  stm32f10x_tim.o(.text)
    TIM_ITConfig                             0x08002167   Thumb Code    18  stm32f10x_tim.o(.text)
    TIM_GenerateEvent                        0x08002179   Thumb Code     4  stm32f10x_tim.o(.text)
    TIM_DMAConfig                            0x0800217d   Thumb Code    10  stm32f10x_tim.o(.text)
    TIM_DMACmd                               0x08002187   Thumb Code    18  stm32f10x_tim.o(.text)
    TIM_InternalClockConfig                  0x08002199   Thumb Code    12  stm32f10x_tim.o(.text)
    TIM_SelectInputTrigger                   0x080021a5   Thumb Code    18  stm32f10x_tim.o(.text)
    TIM_ITRxExternalClockConfig              0x080021b7   Thumb Code    24  stm32f10x_tim.o(.text)
    TIM_TIxExternalClockConfig               0x080021cf   Thumb Code    62  stm32f10x_tim.o(.text)
    TIM_ETRConfig                            0x0800220d   Thumb Code    28  stm32f10x_tim.o(.text)
    TIM_ETRClockMode1Config                  0x08002229   Thumb Code    54  stm32f10x_tim.o(.text)
    TIM_ETRClockMode2Config                  0x0800225f   Thumb Code    32  stm32f10x_tim.o(.text)
    TIM_PrescalerConfig                      0x0800227f   Thumb Code     6  stm32f10x_tim.o(.text)
    TIM_CounterModeConfig                    0x08002285   Thumb Code    18  stm32f10x_tim.o(.text)
    TIM_EncoderInterfaceConfig               0x08002297   Thumb Code    66  stm32f10x_tim.o(.text)
    TIM_ForcedOC1Config                      0x080022d9   Thumb Code    18  stm32f10x_tim.o(.text)
    TIM_ForcedOC2Config                      0x080022eb   Thumb Code    26  stm32f10x_tim.o(.text)
    TIM_ForcedOC3Config                      0x08002305   Thumb Code    18  stm32f10x_tim.o(.text)
    TIM_ForcedOC4Config                      0x08002317   Thumb Code    26  stm32f10x_tim.o(.text)
    TIM_ARRPreloadConfig                     0x08002331   Thumb Code    24  stm32f10x_tim.o(.text)
    TIM_SelectCOM                            0x08002349   Thumb Code    24  stm32f10x_tim.o(.text)
    TIM_SelectCCDMA                          0x08002361   Thumb Code    24  stm32f10x_tim.o(.text)
    TIM_CCPreloadControl                     0x08002379   Thumb Code    24  stm32f10x_tim.o(.text)
    TIM_OC1PreloadConfig                     0x08002391   Thumb Code    18  stm32f10x_tim.o(.text)
    TIM_OC2PreloadConfig                     0x080023a3   Thumb Code    26  stm32f10x_tim.o(.text)
    TIM_OC3PreloadConfig                     0x080023bd   Thumb Code    18  stm32f10x_tim.o(.text)
    TIM_OC4PreloadConfig                     0x080023cf   Thumb Code    26  stm32f10x_tim.o(.text)
    TIM_OC1FastConfig                        0x080023e9   Thumb Code    18  stm32f10x_tim.o(.text)
    TIM_OC2FastConfig                        0x080023fb   Thumb Code    26  stm32f10x_tim.o(.text)
    TIM_OC3FastConfig                        0x08002415   Thumb Code    18  stm32f10x_tim.o(.text)
    TIM_OC4FastConfig                        0x08002427   Thumb Code    26  stm32f10x_tim.o(.text)
    TIM_ClearOC1Ref                          0x08002441   Thumb Code    18  stm32f10x_tim.o(.text)
    TIM_ClearOC2Ref                          0x08002453   Thumb Code    24  stm32f10x_tim.o(.text)
    TIM_ClearOC3Ref                          0x0800246b   Thumb Code    18  stm32f10x_tim.o(.text)
    TIM_ClearOC4Ref                          0x0800247d   Thumb Code    24  stm32f10x_tim.o(.text)
    TIM_OC1PolarityConfig                    0x08002495   Thumb Code    18  stm32f10x_tim.o(.text)
    TIM_OC1NPolarityConfig                   0x080024a7   Thumb Code    18  stm32f10x_tim.o(.text)
    TIM_OC2PolarityConfig                    0x080024b9   Thumb Code    26  stm32f10x_tim.o(.text)
    TIM_OC2NPolarityConfig                   0x080024d3   Thumb Code    26  stm32f10x_tim.o(.text)
    TIM_OC3PolarityConfig                    0x080024ed   Thumb Code    26  stm32f10x_tim.o(.text)
    TIM_OC3NPolarityConfig                   0x08002507   Thumb Code    26  stm32f10x_tim.o(.text)
    TIM_OC4PolarityConfig                    0x08002521   Thumb Code    26  stm32f10x_tim.o(.text)
    TIM_CCxCmd                               0x0800253b   Thumb Code    30  stm32f10x_tim.o(.text)
    TIM_CCxNCmd                              0x08002559   Thumb Code    30  stm32f10x_tim.o(.text)
    TIM_SelectOCxM                           0x08002577   Thumb Code    82  stm32f10x_tim.o(.text)
    TIM_UpdateDisableConfig                  0x080025c9   Thumb Code    24  stm32f10x_tim.o(.text)
    TIM_UpdateRequestConfig                  0x080025e1   Thumb Code    24  stm32f10x_tim.o(.text)
    TIM_SelectHallSensor                     0x080025f9   Thumb Code    24  stm32f10x_tim.o(.text)
    TIM_SelectOnePulseMode                   0x08002611   Thumb Code    18  stm32f10x_tim.o(.text)
    TIM_SelectOutputTrigger                  0x08002623   Thumb Code    18  stm32f10x_tim.o(.text)
    TIM_SelectSlaveMode                      0x08002635   Thumb Code    18  stm32f10x_tim.o(.text)
    TIM_SelectMasterSlaveMode                0x08002647   Thumb Code    18  stm32f10x_tim.o(.text)
    TIM_SetCounter                           0x08002659   Thumb Code     4  stm32f10x_tim.o(.text)
    TIM_SetAutoreload                        0x0800265d   Thumb Code     4  stm32f10x_tim.o(.text)
    TIM_SetCompare1                          0x08002661   Thumb Code     4  stm32f10x_tim.o(.text)
    TIM_SetCompare2                          0x08002665   Thumb Code     4  stm32f10x_tim.o(.text)
    TIM_SetCompare3                          0x08002669   Thumb Code     4  stm32f10x_tim.o(.text)
    TIM_SetCompare4                          0x0800266d   Thumb Code     6  stm32f10x_tim.o(.text)
    TIM_SetClockDivision                     0x08002673   Thumb Code    18  stm32f10x_tim.o(.text)
    TIM_GetCapture1                          0x08002685   Thumb Code     6  stm32f10x_tim.o(.text)
    TIM_GetCapture2                          0x0800268b   Thumb Code     6  stm32f10x_tim.o(.text)
    TIM_GetCapture3                          0x08002691   Thumb Code     6  stm32f10x_tim.o(.text)
    TIM_GetCapture4                          0x08002697   Thumb Code     8  stm32f10x_tim.o(.text)
    TIM_GetCounter                           0x0800269f   Thumb Code     6  stm32f10x_tim.o(.text)
    TIM_GetPrescaler                         0x080026a5   Thumb Code     6  stm32f10x_tim.o(.text)
    TIM_GetFlagStatus                        0x080026ab   Thumb Code    18  stm32f10x_tim.o(.text)
    TIM_ClearFlag                            0x080026bd   Thumb Code     6  stm32f10x_tim.o(.text)
    TIM_GetITStatus                          0x080026c3   Thumb Code    34  stm32f10x_tim.o(.text)
    TIM_ClearITPendingBit                    0x080026e5   Thumb Code     6  stm32f10x_tim.o(.text)
    USART_DeInit                             0x080026ed   Thumb Code   134  stm32f10x_usart.o(.text)
    USART_Init                               0x08002773   Thumb Code   210  stm32f10x_usart.o(.text)
    USART_StructInit                         0x08002845   Thumb Code    24  stm32f10x_usart.o(.text)
    USART_ClockInit                          0x0800285d   Thumb Code    34  stm32f10x_usart.o(.text)
    USART_ClockStructInit                    0x0800287f   Thumb Code    12  stm32f10x_usart.o(.text)
    USART_Cmd                                0x0800288b   Thumb Code    24  stm32f10x_usart.o(.text)
    USART_ITConfig                           0x080028a3   Thumb Code    74  stm32f10x_usart.o(.text)
    USART_DMACmd                             0x080028ed   Thumb Code    18  stm32f10x_usart.o(.text)
    USART_SetAddress                         0x080028ff   Thumb Code    18  stm32f10x_usart.o(.text)
    USART_WakeUpConfig                       0x08002911   Thumb Code    18  stm32f10x_usart.o(.text)
    USART_ReceiverWakeUpCmd                  0x08002923   Thumb Code    24  stm32f10x_usart.o(.text)
    USART_LINBreakDetectLengthConfig         0x0800293b   Thumb Code    18  stm32f10x_usart.o(.text)
    USART_LINCmd                             0x0800294d   Thumb Code    24  stm32f10x_usart.o(.text)
    USART_SendData                           0x08002965   Thumb Code     8  stm32f10x_usart.o(.text)
    USART_ReceiveData                        0x0800296d   Thumb Code    10  stm32f10x_usart.o(.text)
    USART_SendBreak                          0x08002977   Thumb Code    10  stm32f10x_usart.o(.text)
    USART_SetGuardTime                       0x08002981   Thumb Code    16  stm32f10x_usart.o(.text)
    USART_SetPrescaler                       0x08002991   Thumb Code    16  stm32f10x_usart.o(.text)
    USART_SmartCardCmd                       0x080029a1   Thumb Code    24  stm32f10x_usart.o(.text)
    USART_SmartCardNACKCmd                   0x080029b9   Thumb Code    24  stm32f10x_usart.o(.text)
    USART_HalfDuplexCmd                      0x080029d1   Thumb Code    24  stm32f10x_usart.o(.text)
    USART_OverSampling8Cmd                   0x080029e9   Thumb Code    22  stm32f10x_usart.o(.text)
    USART_OneBitMethodCmd                    0x080029ff   Thumb Code    24  stm32f10x_usart.o(.text)
    USART_IrDAConfig                         0x08002a17   Thumb Code    18  stm32f10x_usart.o(.text)
    USART_IrDACmd                            0x08002a29   Thumb Code    24  stm32f10x_usart.o(.text)
    USART_GetFlagStatus                      0x08002a41   Thumb Code    26  stm32f10x_usart.o(.text)
    USART_ClearFlag                          0x08002a5b   Thumb Code    18  stm32f10x_usart.o(.text)
    USART_GetITStatus                        0x08002a6d   Thumb Code    84  stm32f10x_usart.o(.text)
    USART_ClearITPendingBit                  0x08002ac1   Thumb Code    52  stm32f10x_usart.o(.text)
    eMBFuncReadCoils                         0x08002af5   Thumb Code   174  mbfunccoils.o(.text)
    eMBFuncWriteCoil                         0x08002ba3   Thumb Code   112  mbfunccoils.o(.text)
    eMBFuncWriteMultipleCoils                0x08002c13   Thumb Code   144  mbfunccoils.o(.text)
    eMBFuncReadDiscreteInputs                0x08002ca3   Thumb Code   172  mbfuncdisc.o(.text)
    eMBFuncWriteHoldingRegister              0x08002d4f   Thumb Code    66  mbfuncholding.o(.text)
    eMBFuncWriteMultipleHoldingRegister      0x08002d91   Thumb Code   110  mbfuncholding.o(.text)
    eMBFuncReadHoldingRegister               0x08002dff   Thumb Code   142  mbfuncholding.o(.text)
    eMBFuncReadWriteMultipleHoldingRegister  0x08002e8d   Thumb Code   212  mbfuncholding.o(.text)
    eMBFuncReadInputRegister                 0x08002f61   Thumb Code   140  mbfuncinput.o(.text)
    eMBSetSlaveID                            0x08002fed   Thumb Code   110  mbfuncother.o(.text)
    eMBFuncReportSlaveID                     0x0800305b   Thumb Code    30  mbfuncother.o(.text)
    xMBUtilSetBits                           0x08003081   Thumb Code    96  mbutils.o(.text)
    xMBUtilGetBits                           0x080030e1   Thumb Code    42  mbutils.o(.text)
    prveMBError2Exception                    0x0800310b   Thumb Code    34  mbutils.o(.text)
    usMBCRC16                                0x0800312d   Thumb Code    48  mbcrc.o(.text)
    eMBRTUInit                               0x08003165   Thumb Code    76  mbrtu.o(.text)
    eMBRTUStart                              0x080031b1   Thumb Code    22  mbrtu.o(.text)
    eMBRTUStop                               0x080031c7   Thumb Code    16  mbrtu.o(.text)
    eMBRTUReceive                            0x080031d7   Thumb Code    70  mbrtu.o(.text)
    eMBRTUSend                               0x0800321d   Thumb Code   146  mbrtu.o(.text)
    xMBRTUReceiveFSM                         0x080032af   Thumb Code   122  mbrtu.o(.text)
    xMBRTUTransmitFSM                        0x08003329   Thumb Code    94  mbrtu.o(.text)
    xMBRTUTimerT35Expired                    0x08003387   Thumb Code    60  mbrtu.o(.text)
    eMBInit                                  0x080033e1   Thumb Code   150  mb.o(.text)
    eMBRegisterCB                            0x08003477   Thumb Code   124  mb.o(.text)
    eMBClose                                 0x080034f3   Thumb Code    32  mb.o(.text)
    eMBEnable                                0x08003513   Thumb Code    32  mb.o(.text)
    eMBDisable                               0x08003533   Thumb Code    42  mb.o(.text)
    eMBPoll                                  0x0800355d   Thumb Code   208  mb.o(.text)
    xMBPortEventInit                         0x0800368d   Thumb Code    10  portevent.o(.text)
    xMBPortEventPost                         0x08003697   Thumb Code    16  portevent.o(.text)
    xMBPortEventGet                          0x080036a7   Thumb Code    26  portevent.o(.text)
    vMBPortSerialEnable                      0x080036c9   Thumb Code    76  portserial.o(.text)
    xMBPortSerialInit                        0x08003715   Thumb Code    24  portserial.o(.text)
    xMBPortSerialPutByte                     0x0800372d   Thumb Code    16  portserial.o(.text)
    xMBPortSerialGetByte                     0x0800373d   Thumb Code    16  portserial.o(.text)
    USART2_IRQHandler                        0x08003761   Thumb Code    60  portserial.o(.text)
    xMBPortTimersInit                        0x080037ad   Thumb Code   134  porttimer.o(.text)
    vMBPortTimersEnable                      0x08003833   Thumb Code    38  porttimer.o(.text)
    vMBPortTimersDisable                     0x08003859   Thumb Code    38  porttimer.o(.text)
    TIM4_IRQHandler                          0x08003889   Thumb Code    26  porttimer.o(.text)
    eMBRegInputCB                            0x080038b1   Thumb Code    82  port.o(.text)
    eMBRegHoldingCB                          0x08003903   Thumb Code   606  port.o(.text)
    eMBRegCoilsCB                            0x08003b61   Thumb Code   164  port.o(.text)
    eMBRegDiscreteCB                         0x08003c05   Thumb Code   108  port.o(.text)
    RS485_Init                               0x08003cbd   Thumb Code   198  rs485.o(.text)
    RS485_Send_Data                          0x08003d83   Thumb Code    74  rs485.o(.text)
    RS485_Receive_Data                       0x08003dcd   Thumb Code    68  rs485.o(.text)
    SPI2_ReadWriteByte                       0x08003e25   Thumb Code    78  spi.o(.text)
    SPI2_Init                                0x08003e73   Thumb Code   140  spi.o(.text)
    SPI2_SetSpeed                            0x08003eff   Thumb Code    36  spi.o(.text)
    SD_SPI_ReadWriteByte                     0x08003f2d   Thumb Code    12  mmc_sd.o(.text)
    SD_SPI_SpeedLow                          0x08003f39   Thumb Code    10  mmc_sd.o(.text)
    SD_SPI_SpeedHigh                         0x08003f43   Thumb Code    10  mmc_sd.o(.text)
    SD_SPI_Init                              0x08003f4d   Thumb Code   110  mmc_sd.o(.text)
    SD_DisSelect                             0x08003fbb   Thumb Code    18  mmc_sd.o(.text)
    SD_WaitReady                             0x08003fcd   Thumb Code    34  mmc_sd.o(.text)
    SD_Select                                0x08003fef   Thumb Code    26  mmc_sd.o(.text)
    SD_GetResponse                           0x08004009   Thumb Code    38  mmc_sd.o(.text)
    SD_RecvData                              0x0800402f   Thumb Code    56  mmc_sd.o(.text)
    SD_SendBlock                             0x08004067   Thumb Code    82  mmc_sd.o(.text)
    SD_SendCmd                               0x080040b9   Thumb Code   120  mmc_sd.o(.text)
    SD_GetCID                                0x08004131   Thumb Code    42  mmc_sd.o(.text)
    SD_GetCSD                                0x0800415b   Thumb Code    42  mmc_sd.o(.text)
    SD_GetSectorCount                        0x08004185   Thumb Code   118  mmc_sd.o(.text)
    SD_Initialize                            0x080041fb   Thumb Code   406  mmc_sd.o(.text)
    SD_ReadDisk                              0x08004391   Thumb Code   112  mmc_sd.o(.text)
    SD_WriteDisk                             0x08004401   Thumb Code   140  mmc_sd.o(.text)
    mymemcpy                                 0x08004491   Thumb Code    26  malloc.o(.text)
    mymemset                                 0x080044ab   Thumb Code    20  malloc.o(.text)
    mem_init                                 0x080044bf   Thumb Code    54  malloc.o(.text)
    mem_perused                              0x080044f5   Thumb Code    54  malloc.o(.text)
    mem_malloc                               0x0800452b   Thumb Code   162  malloc.o(.text)
    mem_free                                 0x080045cd   Thumb Code    94  malloc.o(.text)
    myfree                                   0x0800462b   Thumb Code    32  malloc.o(.text)
    mymalloc                                 0x0800464b   Thumb Code    34  malloc.o(.text)
    myrealloc                                0x0800466d   Thumb Code    66  malloc.o(.text)
    LED_Init                                 0x080046c1   Thumb Code    50  led.o(.text)
    RTC_Get_Week                             0x08004719   Thumb Code   114  rtc.o(.text)
    Is_Leap_Year                             0x0800478b   Thumb Code    58  rtc.o(.text)
    RTC_Get                                  0x080047c5   Thumb Code   246  rtc.o(.text)
    RTC_Set                                  0x080048bb   Thumb Code   184  rtc.o(.text)
    RTC_Init                                 0x08004973   Thumb Code   190  rtc.o(.text)
    RTC_IRQHandler                           0x08004a31   Thumb Code    40  rtc.o(.text)
    TIM2_Int_Init                            0x08004a79   Thumb Code   110  timer.o(.text)
    TIM2_IRQHandler                          0x08004ae7   Thumb Code   434  timer.o(.text)
    TIM3_Int_Init                            0x08004c99   Thumb Code    96  timer.o(.text)
    TIM3_IRQHandler                          0x08004cf9   Thumb Code  1500  timer.o(.text)
    TIM5_Int_Init                            0x080052d5   Thumb Code   200  timer.o(.text)
    TIM5_IRQHandler                          0x0800539d   Thumb Code    22  timer.o(.text)
    TIM6_Int_Init                            0x080053b3   Thumb Code    88  timer.o(.text)
    hextoascii                               0x08005415   Thumb Code    80  recordmanage.o(.text)
    SD_Write_Process                         0x08005465   Thumb Code   132  recordmanage.o(.text)
    Power_Event_Save                         0x080054e9   Thumb Code    30  recordmanage.o(.text)
    Control_Event_Save                       0x08005507   Thumb Code    36  recordmanage.o(.text)
    Status_Event_Save                        0x0800552b   Thumb Code    30  recordmanage.o(.text)
    Error_Event_Save                         0x08005549   Thumb Code    30  recordmanage.o(.text)
    Setting_Event_Save                       0x08005567   Thumb Code    48  recordmanage.o(.text)
    Event_Read                               0x08005597   Thumb Code     6  recordmanage.o(.text)
    SD_Process                               0x0800559d   Thumb Code     2  recordmanage.o(.text)
    asciitohex                               0x0800559f   Thumb Code    68  recordmanage.o(.text)
    Slide_Time_Compare                       0x080055f9   Thumb Code   112  exti.o(.text)
    EXTIX_Init                               0x08005669   Thumb Code   334  exti.o(.text)
    EXTI9_5_IRQHandler                       0x080057b7   Thumb Code   364  exti.o(.text)
    EXTI15_10_IRQHandler                     0x08005923   Thumb Code   226  exti.o(.text)
    EXTI2_IRQHandler                         0x08005a05   Thumb Code    28  exti.o(.text)
    delay_init                               0x08005a25   Thumb Code    50  delay.o(.text)
    delay_us                                 0x08005a57   Thumb Code    70  delay.o(.text)
    delay_ms                                 0x08005a9d   Thumb Code    70  delay.o(.text)
    NVIC_Configuration                       0x08005af5   Thumb Code    12  sys.o(.text)
    _sys_exit                                0x08005b01   Thumb Code     6  usart.o(.text)
    fputc                                    0x08005b07   Thumb Code    22  usart.o(.text)
    uart_init                                0x08005b1d   Thumb Code   158  usart.o(.text)
    disk_initialize                          0x08005bc5   Thumb Code    48  diskio.o(.text)
    disk_status                              0x08005bf5   Thumb Code     6  diskio.o(.text)
    disk_read                                0x08005bfb   Thumb Code    82  diskio.o(.text)
    disk_write                               0x08005c4d   Thumb Code    62  diskio.o(.text)
    disk_ioctl                               0x08005c8b   Thumb Code    96  diskio.o(.text)
    get_fattime                              0x08005ceb   Thumb Code     4  diskio.o(.text)
    ff_memalloc                              0x08005cef   Thumb Code    14  diskio.o(.text)
    ff_memfree                               0x08005cfd   Thumb Code    14  diskio.o(.text)
    clust2sect                               0x08005eb5   Thumb Code    26  ff.o(.text)
    get_fat                                  0x08005ecf   Thumb Code   228  ff.o(.text)
    put_fat                                  0x08005fb3   Thumb Code   314  ff.o(.text)
    gen_numname                              0x08006575   Thumb Code   188  ff.o(.text)
    f_mount                                  0x08007309   Thumb Code    38  ff.o(.text)
    f_open                                   0x0800732f   Thumb Code   392  ff.o(.text)
    f_read                                   0x080074b7   Thumb Code   474  ff.o(.text)
    f_write                                  0x08007691   Thumb Code   550  ff.o(.text)
    f_sync                                   0x080078b7   Thumb Code   182  ff.o(.text)
    f_close                                  0x0800796d   Thumb Code    22  ff.o(.text)
    f_chdrive                                0x08007983   Thumb Code    18  ff.o(.text)
    f_chdir                                  0x08007995   Thumb Code   124  ff.o(.text)
    f_lseek                                  0x08007a11   Thumb Code   732  ff.o(.text)
    f_opendir                                0x08007ced   Thumb Code   140  ff.o(.text)
    f_readdir                                0x08007d79   Thumb Code   112  ff.o(.text)
    f_stat                                   0x08007de9   Thumb Code    82  ff.o(.text)
    f_getfree                                0x08007e3b   Thumb Code   276  ff.o(.text)
    f_truncate                               0x08007f4f   Thumb Code   156  ff.o(.text)
    f_unlink                                 0x08007feb   Thumb Code   222  ff.o(.text)
    f_mkdir                                  0x080080c9   Thumb Code   432  ff.o(.text)
    f_chmod                                  0x08008279   Thumb Code   126  ff.o(.text)
    f_utime                                  0x080082f7   Thumb Code   124  ff.o(.text)
    f_rename                                 0x08008373   Thumb Code   330  ff.o(.text)
    f_mkfs                                   0x080084bd   Thumb Code  1582  ff.o(.text)
    f_gets                                   0x08008aeb   Thumb Code    78  ff.o(.text)
    f_putc                                   0x08008b39   Thumb Code    38  ff.o(.text)
    f_puts                                   0x08008b5f   Thumb Code    40  ff.o(.text)
    f_printf                                 0x08008b87   Thumb Code   704  ff.o(.text)
    test_init                                0x08008e49   Thumb Code   110  fattester.o(.text)
    mf_mount                                 0x08008eb7   Thumb Code    18  fattester.o(.text)
    mf_open                                  0x08008ec9   Thumb Code    24  fattester.o(.text)
    mf_close                                 0x08008ee1   Thumb Code    14  fattester.o(.text)
    mf_read                                  0x08008eef   Thumb Code   224  fattester.o(.text)
    mf_write                                 0x08008fcf   Thumb Code    68  fattester.o(.text)
    mf_opendir                               0x08009013   Thumb Code    14  fattester.o(.text)
    mf_readdir                               0x08009021   Thumb Code   204  fattester.o(.text)
    mf_scan_files                            0x080090ed   Thumb Code   120  fattester.o(.text)
    mf_showfree                              0x08009165   Thumb Code    88  fattester.o(.text)
    mf_lseek                                 0x080091bd   Thumb Code    16  fattester.o(.text)
    mf_tell                                  0x080091cd   Thumb Code     8  fattester.o(.text)
    mf_size                                  0x080091d5   Thumb Code     8  fattester.o(.text)
    mf_mkdir                                 0x080091dd   Thumb Code    12  fattester.o(.text)
    mf_fmkfs                                 0x080091e9   Thumb Code    20  fattester.o(.text)
    mf_unlink                                0x080091fd   Thumb Code    12  fattester.o(.text)
    mf_rename                                0x08009209   Thumb Code    16  fattester.o(.text)
    mf_gets                                  0x08009219   Thumb Code   552  fattester.o(.text)
    mf_putc                                  0x08009441   Thumb Code    18  fattester.o(.text)
    mf_puts                                  0x08009453   Thumb Code    18  fattester.o(.text)
    mf_cpymsg                                0x08009465   Thumb Code    54  fattester.o(.text)
    write_file                               0x0800949b   Thumb Code   242  fattester.o(.text)
    read_file                                0x0800958d   Thumb Code   102  fattester.o(.text)
    exfuns_init                              0x08009669   Thumb Code   110  exfuns.o(.text)
    char_upper                               0x080096d7   Thumb Code    26  exfuns.o(.text)
    f_typetell                               0x080096f1   Thumb Code   188  exfuns.o(.text)
    exf_getfree                              0x080097ad   Thumb Code    74  exfuns.o(.text)
    ff_convert                               0x0800980d   Thumb Code   116  cc936.o(.text)
    ff_wtoupper                              0x08009881   Thumb Code    46  cc936.o(.text)
    __aeabi_memcpy                           0x080098c1   Thumb Code    36  memcpya.o(.text)
    __aeabi_memcpy4                          0x080098c1   Thumb Code     0  memcpya.o(.text)
    __aeabi_memcpy8                          0x080098c1   Thumb Code     0  memcpya.o(.text)
    strcat                                   0x080098e5   Thumb Code    24  strcat.o(.text)
    strcmp                                   0x080098fd   Thumb Code    28  strcmp.o(.text)
    strcpy                                   0x08009919   Thumb Code    18  strcpy.o(.text)
    __aeabi_uidiv                            0x0800992b   Thumb Code     0  uidiv.o(.text)
    __aeabi_uidivmod                         0x0800992b   Thumb Code    44  uidiv.o(.text)
    __scatterload                            0x08009959   Thumb Code    28  init.o(.text)
    __scatterload_rt2                        0x08009959   Thumb Code     0  init.o(.text)
    __decompress                             0x0800997d   Thumb Code     0  __dczerorl2.o(.text)
    __decompress1                            0x0800997d   Thumb Code    92  __dczerorl2.o(.text)
    __0printf$3                              0x080099d9   Thumb Code    22  printf3.o(i.__0printf$3)
    __1printf$3                              0x080099d9   Thumb Code     0  printf3.o(i.__0printf$3)
    __2printf                                0x080099d9   Thumb Code     0  printf3.o(i.__0printf$3)
    __scatterload_copy                       0x080099f9   Thumb Code    14  handlers.o(i.__scatterload_copy)
    __scatterload_null                       0x08009a07   Thumb Code     2  handlers.o(i.__scatterload_null)
    __scatterload_zeroinit                   0x08009a09   Thumb Code    14  handlers.o(i.__scatterload_zeroinit)
    memtblsize                               0x08009dd0   Data           8  malloc.o(.constdata)
    memblksize                               0x08009dd8   Data           8  malloc.o(.constdata)
    memsize                                  0x08009de0   Data           8  malloc.o(.constdata)
    table_week                               0x08009de8   Data          12  rtc.o(.constdata)
    mon_table                                0x08009df4   Data          12  rtc.o(.constdata)
    Region$$Table$$Base                      0x0800a2d8   Number         0  anon$$obj.o(Region$$Table)
    Region$$Table$$Limit                     0x0800a2f8   Number         0  anon$$obj.o(Region$$Table)
    SystemCoreClock                          0x20000000   Data           4  system_stm32f10x.o(.data)
    AHBPrescTable                            0x20000004   Data          16  system_stm32f10x.o(.data)
    bottonPressed                            0x20000014   Data           1  main.o(.data)
    limitReach                               0x20000015   Data           1  main.o(.data)
    statusChange                             0x20000016   Data           1  main.o(.data)
    cascadeChange                            0x20000017   Data           1  main.o(.data)
    groundCoilOnOff                          0x20000018   Data           1  main.o(.data)
    synchroOnOff                             0x20000019   Data           1  main.o(.data)
    remoteOnOff                              0x2000001a   Data           1  main.o(.data)
    bottonValue                              0x2000001b   Data           1  main.o(.data)
    bollardControlType                       0x2000001c   Data           1  main.o(.data)
    limitValue                               0x2000001d   Data           1  main.o(.data)
    limitValuePre                            0x2000001e   Data           1  main.o(.data)
    bollardStatus                            0x2000001f   Data           1  main.o(.data)
    bollardStatusPre                         0x20000020   Data           1  main.o(.data)
    cascadeConnection                        0x20000021   Data           1  main.o(.data)
    cascadeConnectionPre                     0x20000022   Data           1  main.o(.data)
    cascadeConnectionAft                     0x20000023   Data           1  main.o(.data)
    groundCoilStatus                         0x20000024   Data           1  main.o(.data)
    upDownTime                               0x20000025   Data           1  init.o(.data)
    controllerAddr                           0x20000026   Data           1  init.o(.data)
    pxMBFrameCBByteReceived                  0x200000f0   Data           4  mb.o(.data)
    pxMBFrameCBTransmitterEmpty              0x200000f4   Data           4  mb.o(.data)
    pxMBPortCBTimerExpired                   0x200000f8   Data           4  mb.o(.data)
    pxMBFrameCBReceiveFSMCur                 0x200000fc   Data           4  mb.o(.data)
    pxMBFrameCBTransmitFSMCur                0x20000100   Data           4  mb.o(.data)
    usRegInputBuf                            0x20000106   Data          20  port.o(.data)
    REG_INPUT_START                          0x2000011a   Data           1  port.o(.data)
    REG_HOLDING_START                        0x2000011b   Data           1  port.o(.data)
    REG_INPUT_NREGS                          0x2000011c   Data           1  port.o(.data)
    REG_HOLDING_NREGS                        0x2000011d   Data           1  port.o(.data)
    usRegInputStart                          0x2000011e   Data           1  port.o(.data)
    usRegHoldingStart                        0x2000011f   Data           1  port.o(.data)
    REG_COILS_START                          0x20000120   Data           1  port.o(.data)
    REG_DISCRETE_START                       0x20000121   Data           1  port.o(.data)
    REG_COILS_SIZE                           0x20000122   Data           1  port.o(.data)
    REG_DISCRETE_SIZE                        0x20000123   Data           1  port.o(.data)
    remoteControl                            0x20000124   Data           1  port.o(.data)
    remoteValue                              0x20000125   Data           1  port.o(.data)
    RS485_RX_CNT                             0x20000126   Data           1  rs485.o(.data)
    SD_Type                                  0x20000127   Data           1  mmc_sd.o(.data)
    mallco_dev                               0x20000128   Data          28  malloc.o(.data)
    TimeOut                                  0x20000148   Data           1  timer.o(.data)
    timeSliceCnt                             0x2000014c   Data           4  timer.o(.data)
    maxSliceCnt                              0x20000150   Data           4  timer.o(.data)
    remoteEmergencyStatus                    0x20000154   Data           1  timer.o(.data)
    bottonFlag                               0x20000155   Data           1  timer.o(.data)
    remoteFlag                               0x20000156   Data           1  timer.o(.data)
    cascadeFlag                              0x20000157   Data           1  timer.o(.data)
    alarmOn                                  0x20000158   Data           1  timer.o(.data)
    controlOn                                0x20000159   Data           1  timer.o(.data)
    controlSource                            0x2000015a   Data           1  timer.o(.data)
    slideTime                                0x2000015b   Data           1  exti.o(.data)
    USART_RX_STA                             0x20000160   Data           2  usart.o(.data)
    __stdout                                 0x20000164   Data           4  usart.o(.data)
    fs                                       0x20000174   Data           8  fattester.o(.data)
    file                                     0x2000017c   Data           4  fattester.o(.data)
    ftemp                                    0x20000180   Data           4  fattester.o(.data)
    br                                       0x20000184   Data           4  fattester.o(.data)
    bw                                       0x20000188   Data           4  fattester.o(.data)
    fatbuf                                   0x2000018c   Data           4  fattester.o(.data)
    FILE_TYPE_TBL                            0x20000190   Data         312  exfuns.o(.data)
    sdBug                                    0x200002c8   Data          20  init.o(.bss)
    ucRTUBuf                                 0x200002fc   Data         256  mbrtu.o(.bss)
    usRegHoldingBuf                          0x200003fc   Data         128  port.o(.bss)
    ucRegCoilsBuf                            0x2000047c   Data          20  port.o(.bss)
    ucRegDiscreteBuf                         0x20000490   Data          20  port.o(.bss)
    RS485_RX_BUF                             0x200004a4   Data          64  rs485.o(.bss)
    mem1base                                 0x200004e4   Data       10240  malloc.o(.bss)
    mem1mapbase                              0x20002ce4   Data         640  malloc.o(.bss)
    calendar                                 0x20002f64   Data          10  rtc.o(.bss)
    slideCalendarPre1                        0x20002f6e   Data          10  exti.o(.bss)
    slideCalendarPre2                        0x20002f78   Data          10  exti.o(.bss)
    slideCalendarPre3                        0x20002f82   Data          10  exti.o(.bss)
    fileinfo                                 0x20002f8c   Data          32  fattester.o(.bss)
    dir                                      0x20002fac   Data          36  fattester.o(.bss)
    __initial_sp                             0x200033d0   Data           0  startup_stm32f10x_hd.o(STACK)
    mem2base                                 0x68000000   Data       196608  malloc.o(.ARM.__AT_0x68000000)
    mem2mapbase                              0x68030000   Data       12288  malloc.o(.ARM.__AT_0x68030000)



==============================================================================

Memory Map of the image

  Image Entry point : 0x08000131

  Load Region LR_IROM1 (Base: 0x08000000, Size: 0x0000a5c0, Max: 0x00020000, ABSOLUTE, COMPRESSED[0x0000a3d4])

    Execution Region ER_IROM1 (Base: 0x08000000, Size: 0x0000a2f8, Max: 0x00020000, ABSOLUTE)

    Base Addr    Size         Type   Attr      Idx    E Section Name        Object

    0x08000000   0x00000130   Data   RO          350    RESET               startup_stm32f10x_hd.o
    0x08000130   0x00000000   Code   RO         1351  * .ARM.Collect$$$$00000000  mc_w.l(entry.o)
    0x08000130   0x00000004   Code   RO         1625    .ARM.Collect$$$$00000001  mc_w.l(entry2.o)
    0x08000134   0x00000004   Code   RO         1628    .ARM.Collect$$$$00000004  mc_w.l(entry5.o)
    0x08000138   0x00000000   Code   RO         1630    .ARM.Collect$$$$00000008  mc_w.l(entry7b.o)
    0x08000138   0x00000000   Code   RO         1632    .ARM.Collect$$$$0000000A  mc_w.l(entry8b.o)
    0x08000138   0x00000008   Code   RO         1633    .ARM.Collect$$$$0000000B  mc_w.l(entry9a.o)
    0x08000140   0x00000000   Code   RO         1635    .ARM.Collect$$$$0000000D  mc_w.l(entry10a.o)
    0x08000140   0x00000000   Code   RO         1637    .ARM.Collect$$$$0000000F  mc_w.l(entry11a.o)
    0x08000140   0x00000004   Code   RO         1626    .ARM.Collect$$$$00002712  mc_w.l(entry2.o)
    0x08000144   0x0000001a   Code   RO            1    .text               stm32f10x_it.o
    0x0800015e   0x00000002   PAD
    0x08000160   0x000001dc   Code   RO          104    .text               system_stm32f10x.o
    0x0800033c   0x00000174   Code   RO          122    .text               main.o
    0x080004b0   0x000000f0   Code   RO          264    .text               init.o
    0x080005a0   0x00000438   Code   RO          323    .text               controlfunction.o
    0x080009d8   0x00000024   Code   RO          351    .text               startup_stm32f10x_hd.o
    0x080009fc   0x000000dc   Code   RO          355    .text               misc.o
    0x08000ad8   0x000000c4   Code   RO          405    .text               stm32f10x_bkp.o
    0x08000b9c   0x0000011c   Code   RO          489    .text               stm32f10x_exti.o
    0x08000cb8   0x00000358   Code   RO          525    .text               stm32f10x_gpio.o
    0x08001010   0x000000cc   Code   RO          561    .text               stm32f10x_pwr.o
    0x080010dc   0x000003a4   Code   RO          573    .text               stm32f10x_rcc.o
    0x08001480   0x00000144   Code   RO          587    .text               stm32f10x_rtc.o
    0x080015c4   0x0000030c   Code   RO          611    .text               stm32f10x_spi.o
    0x080018d0   0x00000e1a   Code   RO          623    .text               stm32f10x_tim.o
    0x080026ea   0x00000002   PAD
    0x080026ec   0x00000408   Code   RO          635    .text               stm32f10x_usart.o
    0x08002af4   0x000001ae   Code   RO          705    .text               mbfunccoils.o
    0x08002ca2   0x000000ac   Code   RO          720    .text               mbfuncdisc.o
    0x08002d4e   0x00000212   Code   RO          732    .text               mbfuncholding.o
    0x08002f60   0x0000008c   Code   RO          753    .text               mbfuncinput.o
    0x08002fec   0x00000094   Code   RO          765    .text               mbfuncother.o
    0x08003080   0x000000ac   Code   RO          780    .text               mbutils.o
    0x0800312c   0x00000038   Code   RO          792    .text               mbcrc.o
    0x08003164   0x0000027c   Code   RO          806    .text               mbrtu.o
    0x080033e0   0x000002ac   Code   RO          834    .text               mb.o
    0x0800368c   0x0000003c   Code   RO          855    .text               portevent.o
    0x080036c8   0x000000e4   Code   RO          869    .text               portserial.o
    0x080037ac   0x00000104   Code   RO          885    .text               porttimer.o
    0x080038b0   0x0000040c   Code   RO          897    .text               port.o
    0x08003cbc   0x00000168   Code   RO          914    .text               rs485.o
    0x08003e24   0x00000108   Code   RO          933    .text               spi.o
    0x08003f2c   0x00000564   Code   RO          951    .text               mmc_sd.o
    0x08004490   0x00000230   Code   RO          977    .text               malloc.o
    0x080046c0   0x00000038   Code   RO          999    .text               led.o
    0x080046f8   0x00000380   Code   RO         1014    .text               rtc.o
    0x08004a78   0x0000099c   Code   RO         1037    .text               timer.o
    0x08005414   0x000001e4   Code   RO         1053    .text               recordmanage.o
    0x080055f8   0x0000042c   Code   RO         1105    .text               exti.o
    0x08005a24   0x000000d0   Code   RO         1164    .text               delay.o
    0x08005af4   0x0000000c   Code   RO         1178    .text               sys.o
    0x08005b00   0x000000c4   Code   RO         1190    .text               usart.o
    0x08005bc4   0x0000014c   Code   RO         1213    .text               diskio.o
    0x08005d10   0x00003136   Code   RO         1239    .text               ff.o
    0x08008e46   0x00000002   PAD
    0x08008e48   0x00000820   Code   RO         1263    .text               fattester.o
    0x08009668   0x000001a4   Code   RO         1294    .text               exfuns.o
    0x0800980c   0x000000b4   Code   RO         1328    .text               cc936.o
    0x080098c0   0x00000024   Code   RO         1354    .text               mc_w.l(memcpya.o)
    0x080098e4   0x00000018   Code   RO         1356    .text               mc_w.l(strcat.o)
    0x080098fc   0x0000001c   Code   RO         1358    .text               mc_w.l(strcmp.o)
    0x08009918   0x00000012   Code   RO         1360    .text               mc_w.l(strcpy.o)
    0x0800992a   0x0000002c   Code   RO         1639    .text               mc_w.l(uidiv.o)
    0x08009956   0x00000002   PAD
    0x08009958   0x00000024   Code   RO         1654    .text               mc_w.l(init.o)
    0x0800997c   0x0000005c   Code   RO         1672    .text               mc_w.l(__dczerorl2.o)
    0x080099d8   0x00000020   Code   RO         1453    i.__0printf$3       mc_w.l(printf3.o)
    0x080099f8   0x0000000e   Code   RO         1666    i.__scatterload_copy  mc_w.l(handlers.o)
    0x08009a06   0x00000002   Code   RO         1667    i.__scatterload_null  mc_w.l(handlers.o)
    0x08009a08   0x0000000e   Code   RO         1668    i.__scatterload_zeroinit  mc_w.l(handlers.o)
    0x08009a16   0x00000002   PAD
    0x08009a18   0x000001b8   Code   RO         1460    i._printf_core      mc_w.l(printf3.o)
    0x08009bd0   0x00000200   Data   RO          793    .constdata          mbcrc.o
    0x08009dd0   0x00000018   Data   RO          981    .constdata          malloc.o
    0x08009de8   0x00000018   Data   RO         1016    .constdata          rtc.o
    0x08009e00   0x0000003a   Data   RO         1240    .constdata          ff.o
    0x08009e3a   0x00000002   PAD
    0x08009e3c   0x0000007e   Data   RO         1265    .constdata          fattester.o
    0x08009eba   0x000003c4   Data   RO         1329    .constdata          cc936.o
    0x0800a27e   0x00000058   Data   RO         1295    .conststring        exfuns.o
    0x0800a2d6   0x00000002   PAD
    0x0800a2d8   0x00000020   Data   RO         1664    Region$$Table       anon$$obj.o


    Execution Region RW_IRAM1 (Base: 0x20000000, Size: 0x000033d0, Max: 0x00005000, ABSOLUTE, COMPRESSED[0x000000dc])

    Base Addr    Size         Type   Attr      Idx    E Section Name        Object

    0x20000000   0x00000014   Data   RW          105    .data               system_stm32f10x.o
    0x20000014   0x00000011   Data   RW          123    .data               main.o
    0x20000025   0x00000002   Data   RW          266    .data               init.o
    0x20000027   0x00000001   Data   RW          324    .data               controlfunction.o
    0x20000028   0x00000014   Data   RW          574    .data               stm32f10x_rcc.o
    0x2000003c   0x00000002   Data   RW          767    .data               mbfuncother.o
    0x2000003e   0x00000002   PAD
    0x20000040   0x0000000c   Data   RW          808    .data               mbrtu.o
    0x2000004c   0x000000b8   Data   RW          835    .data               mb.o
    0x20000104   0x00000002   Data   RW          856    .data               portevent.o
    0x20000106   0x00000020   Data   RW          899    .data               port.o
    0x20000126   0x00000001   Data   RW          916    .data               rs485.o
    0x20000127   0x00000001   Data   RW          952    .data               mmc_sd.o
    0x20000128   0x0000001c   Data   RW          982    .data               malloc.o
    0x20000144   0x00000002   Data   RW         1017    .data               rtc.o
    0x20000146   0x00000002   PAD
    0x20000148   0x00000013   Data   RW         1038    .data               timer.o
    0x2000015b   0x00000001   Data   RW         1107    .data               exti.o
    0x2000015c   0x00000004   Data   RW         1165    .data               delay.o
    0x20000160   0x00000008   Data   RW         1192    .data               usart.o
    0x20000168   0x0000000b   Data   RW         1241    .data               ff.o
    0x20000173   0x00000001   PAD
    0x20000174   0x0000001c   Data   RW         1266    .data               fattester.o
    0x20000190   0x00000138   Data   RW         1296    .data               exfuns.o
    0x200002c8   0x00000014   Zero   RW          265    .bss                init.o
    0x200002dc   0x00000020   Zero   RW          766    .bss                mbfuncother.o
    0x200002fc   0x00000100   Zero   RW          807    .bss                mbrtu.o
    0x200003fc   0x000000a8   Zero   RW          898    .bss                port.o
    0x200004a4   0x00000040   Zero   RW          915    .bss                rs485.o
    0x200004e4   0x00002a80   Zero   RW          980    .bss                malloc.o
    0x20002f64   0x0000000a   Zero   RW         1015    .bss                rtc.o
    0x20002f6e   0x0000001e   Zero   RW         1106    .bss                exti.o
    0x20002f8c   0x00000044   Zero   RW         1264    .bss                fattester.o
    0x20002fd0   0x00000400   Zero   RW          348    STACK               startup_stm32f10x_hd.o



  Load Region LR$$.ARM.__AT_0x68000000 (Base: 0x68000000, Size: 0x00000000, Max: 0x00030000, ABSOLUTE)

    Execution Region ER$$.ARM.__AT_0x68000000 (Base: 0x68000000, Size: 0x00030000, Max: 0x00030000, ABSOLUTE, UNINIT)

    Base Addr    Size         Type   Attr      Idx    E Section Name        Object

    0x68000000   0x00030000   Zero   RW          978    .ARM.__AT_0x68000000  malloc.o



  Load Region LR$$.ARM.__AT_0x68030000 (Base: 0x68030000, Size: 0x00000000, Max: 0x00003000, ABSOLUTE)

    Execution Region ER$$.ARM.__AT_0x68030000 (Base: 0x68030000, Size: 0x00003000, Max: 0x00003000, ABSOLUTE, UNINIT)

    Base Addr    Size         Type   Attr      Idx    E Section Name        Object

    0x68030000   0x00003000   Zero   RW          979    .ARM.__AT_0x68030000  malloc.o


==============================================================================

Image component sizes


      Code (inc. data)   RO Data    RW Data    ZI Data      Debug   Object Name

       180         18        964          0          0       2089   cc936.o
      1080        132          0          1          0       2464   controlfunction.o
         0          0          0          0          0         32   core_cm3.o
       208         18          0          4          0        943   delay.o
       332          6          0          0          0       4017   diskio.o
       420         22         88        312          0       2268   exfuns.o
      1068         42          0          1         30       1727   exti.o
      2080        630        126         28         68       9359   fattester.o
     12598        128         58         11          0      34803   ff.o
       240         36          0          2         20       1594   init.o
        56          6          0          0          0        443   led.o
       372         76          0         17          0     248111   main.o
       560         18         24         28     219776       4424   malloc.o
       684         96          0        184          0       4006   mb.o
         0          0          0          0          0       3761   mbascii.o
        56          8        512          0          0       1096   mbcrc.o
       430          0          0          0          0       2914   mbfunccoils.o
       172          0          0          0          0       1516   mbfuncdisc.o
       530          0          0          0          0       6061   mbfuncholding.o
       140          0          0          0          0       1471   mbfuncinput.o
       148          8          0          2         32       1653   mbfuncother.o
       636         30          0         12        256       3533   mbrtu.o
       172          0          0          0          0       1790   mbutils.o
       220         20          0          0          0     208553   misc.o
      1380         22          0          1          0       5566   mmc_sd.o
      1036         90          0         32        168       3718   port.o
        60          8          0          2          0       1380   portevent.o
       228         16          0          0          0       1952   portserial.o
       260         14          0          0          0       1209   porttimer.o
       484         28          0          0          0       3477   recordmanage.o
       360         20          0          1         64       1768   rs485.o
       896         32         24          2         10       3480   rtc.o
       264         10          0          0          0       1061   spi.o
        36          8        304          0       1024        748   startup_stm32f10x_hd.o
       196          8          0          0          0       3384   stm32f10x_bkp.o
       284         10          0          0          0       2155   stm32f10x_exti.o
       856         40          0          0          0       5569   stm32f10x_gpio.o
        26          0          0          0          0      55594   stm32f10x_it.o
       204         16          0          0          0       1879   stm32f10x_pwr.o
       932         44          0         20          0       8704   stm32f10x_rcc.o
       324          4          0          0          0       2630   stm32f10x_rtc.o
       780         14          0          0          0       6450   stm32f10x_spi.o
      3610         88          0          0          0      22052   stm32f10x_tim.o
      1032         22          0          0          0       8292   stm32f10x_usart.o
        12          0          0          0          0        413   sys.o
       476         36          0         20          0       1623   system_stm32f10x.o
      2460        200          0         19          0       3497   timer.o
       196         10          0          8          0       2925   usart.o

    ----------------------------------------------------------------------
     38780       2034       2136        712     221448     698154   Object Totals
         0          0         32          0          0          0   (incl. Generated)
         6          0          4          5          0          0   (incl. Padding)

    ----------------------------------------------------------------------

      Code (inc. data)   RO Data    RW Data    ZI Data      Debug   Library Member Name

        92          0          0          0          0          0   __dczerorl2.o
         0          0          0          0          0          0   entry.o
         0          0          0          0          0          0   entry10a.o
         0          0          0          0          0          0   entry11a.o
         8          4          0          0          0          0   entry2.o
         4          0          0          0          0          0   entry5.o
         0          0          0          0          0          0   entry7b.o
         0          0          0          0          0          0   entry8b.o
         8          4          0          0          0          0   entry9a.o
        30          0          0          0          0          0   handlers.o
        36          8          0          0          0         68   init.o
        36          0          0          0          0         68   memcpya.o
       472         14          0          0          0        180   printf3.o
        24          0          0          0          0         68   strcat.o
        28          0          0          0          0         76   strcmp.o
        18          0          0          0          0         68   strcpy.o
        44          0          0          0          0         80   uidiv.o

    ----------------------------------------------------------------------
       804         30          0          0          0        608   Library Totals
         4          0          0          0          0          0   (incl. Padding)

    ----------------------------------------------------------------------

      Code (inc. data)   RO Data    RW Data    ZI Data      Debug   Library Name

       800         30          0          0          0        608   mc_w.l

    ----------------------------------------------------------------------
       804         30          0          0          0        608   Library Totals

    ----------------------------------------------------------------------

==============================================================================


      Code (inc. data)   RO Data    RW Data    ZI Data      Debug   

     39584       2064       2136        712     221448     694498   Grand Totals
     39584       2064       2136        220     221448     694498   ELF Image Totals (compressed)
     39584       2064       2136        220          0          0   ROM Totals

==============================================================================

    Total RO  Size (Code + RO Data)                41720 (  40.74kB)
    Total RW  Size (RW Data + ZI Data)            222160 ( 216.95kB)
    Total ROM Size (Code + RO Data + RW Data)      41940 (  40.96kB)

==============================================================================

