ARM Linker, 5.03 [Build 24] [MDK-ARM Standard]

==============================================================================

Section Cross References

    system_stm32f10x.o(.text) refers to system_stm32f10x.o(.data) for SystemCoreClock
    main.o(.text) refers to init.o(.text) for systemInit
    main.o(.text) refers to stm32f10x_tim.o(.text) for TIM_Cmd
    main.o(.text) refers to mb.o(.text) for eMBEnable
    main.o(.text) refers to controlfunction.o(.text) for Botton_Scan
    main.o(.text) refers to main.o(.data) for bottonValue
    main.o(.text) refers to timer.o(.data) for controlOn
    init.o(.text) refers to delay.o(.text) for delay_init
    init.o(.text) refers to sys.o(.text) for NVIC_Configuration
    init.o(.text) refers to led.o(.text) for LED_Init
    init.o(.text) refers to controlfunction.o(.text) for ControlFunction_Init
    init.o(.text) refers to beep.o(.text) for BEEP_Init
    init.o(.text) refers to rtc.o(.text) for RTC_Init
    init.o(.text) refers to timer.o(.text) for TIM2_Int_Init
    init.o(.text) refers to mb.o(.text) for eMBInit
    init.o(.text) refers to exfuns.o(.text) for exfuns_init
    init.o(.text) refers to malloc.o(.text) for mem_init
    init.o(.text) refers to mmc_sd.o(.text) for SD_Initialize
    init.o(.text) refers to ff.o(.text) for f_mount
    init.o(.text) refers to recordmanage.o(.text) for Power_Event_Save
    init.o(.text) refers to init.o(.data) for upDownTime
    init.o(.text) refers to fattester.o(.data) for fs
    controlfunction.o(.text) refers to stm32f10x_rcc.o(.text) for RCC_APB2PeriphClockCmd
    controlfunction.o(.text) refers to stm32f10x_gpio.o(.text) for GPIO_Init
    controlfunction.o(.text) refers to stm32f10x_tim.o(.text) for TIM_Cmd
    controlfunction.o(.text) refers to delay.o(.text) for delay_ms
    controlfunction.o(.text) refers to timer.o(.data) for TimeOut
    controlfunction.o(.text) refers to controlfunction.o(.data) for key_up
    controlfunction.o(.text) refers to main.o(.data) for limitValue
    startup_stm32f10x_hd.o(RESET) refers to startup_stm32f10x_hd.o(STACK) for __initial_sp
    startup_stm32f10x_hd.o(RESET) refers to startup_stm32f10x_hd.o(.text) for Reset_Handler
    startup_stm32f10x_hd.o(RESET) refers to stm32f10x_it.o(.text) for NMI_Handler
    startup_stm32f10x_hd.o(RESET) refers to rtc.o(.text) for RTC_IRQHandler
    startup_stm32f10x_hd.o(RESET) refers to exti.o(.text) for EXTI2_IRQHandler
    startup_stm32f10x_hd.o(RESET) refers to timer.o(.text) for TIM2_IRQHandler
    startup_stm32f10x_hd.o(RESET) refers to porttimer.o(.text) for TIM4_IRQHandler
    startup_stm32f10x_hd.o(RESET) refers to portserial.o(.text) for USART2_IRQHandler
    startup_stm32f10x_hd.o(.text) refers to system_stm32f10x.o(.text) for SystemInit
    startup_stm32f10x_hd.o(.text) refers to entry.o(.ARM.Collect$$$$00000000) for __main
    stm32f10x_adc.o(.text) refers to stm32f10x_rcc.o(.text) for RCC_APB2PeriphResetCmd
    stm32f10x_bkp.o(.text) refers to stm32f10x_rcc.o(.text) for RCC_BackupResetCmd
    stm32f10x_can.o(.text) refers to stm32f10x_rcc.o(.text) for RCC_APB1PeriphResetCmd
    stm32f10x_cec.o(.text) refers to stm32f10x_rcc.o(.text) for RCC_APB1PeriphResetCmd
    stm32f10x_dac.o(.text) refers to stm32f10x_rcc.o(.text) for RCC_APB1PeriphResetCmd
    stm32f10x_gpio.o(.text) refers to stm32f10x_rcc.o(.text) for RCC_APB2PeriphResetCmd
    stm32f10x_i2c.o(.text) refers to stm32f10x_rcc.o(.text) for RCC_APB1PeriphResetCmd
    stm32f10x_pwr.o(.text) refers to stm32f10x_rcc.o(.text) for RCC_APB1PeriphResetCmd
    stm32f10x_rcc.o(.text) refers to stm32f10x_rcc.o(.data) for APBAHBPrescTable
    stm32f10x_spi.o(.text) refers to stm32f10x_rcc.o(.text) for RCC_APB2PeriphResetCmd
    stm32f10x_tim.o(.text) refers to stm32f10x_rcc.o(.text) for RCC_APB2PeriphResetCmd
    stm32f10x_usart.o(.text) refers to stm32f10x_rcc.o(.text) for RCC_APB2PeriphResetCmd
    stm32f10x_wwdg.o(.text) refers to stm32f10x_rcc.o(.text) for RCC_APB1PeriphResetCmd
    mbfunccoils.o(.text) refers to port.o(.text) for eMBRegCoilsCB
    mbfunccoils.o(.text) refers to mbutils.o(.text) for prveMBError2Exception
    mbfuncdisc.o(.text) refers to port.o(.text) for eMBRegDiscreteCB
    mbfuncdisc.o(.text) refers to mbutils.o(.text) for prveMBError2Exception
    mbfuncholding.o(.text) refers to port.o(.text) for eMBRegHoldingCB
    mbfuncholding.o(.text) refers to mbutils.o(.text) for prveMBError2Exception
    mbfuncinput.o(.text) refers to port.o(.text) for eMBRegInputCB
    mbfuncinput.o(.text) refers to mbutils.o(.text) for prveMBError2Exception
    mbfuncother.o(.text) refers to memcpya.o(.text) for __aeabi_memcpy
    mbfuncother.o(.text) refers to mbfuncother.o(.data) for usMBSlaveIDLen
    mbfuncother.o(.text) refers to mbfuncother.o(.bss) for ucMBSlaveID
    mbcrc.o(.text) refers to mbcrc.o(.constdata) for aucCRCHi
    mbrtu.o(.text) refers to portserial.o(.text) for xMBPortSerialInit
    mbrtu.o(.text) refers to porttimer.o(.text) for xMBPortTimersInit
[...]
    .text                                    0x08003ef8   Section        0  mmc_sd.o(.text)
    .text                                    0x0800445c   Section        0  malloc.o(.text)
    .text                                    0x0800468c   Section        0  led.o(.text)
    .text                                    0x080046c4   Section        0  rtc.o(.text)
    RTC_NVIC_Config                          0x080046c5   Thumb Code    32  rtc.o(.text)
    .text                                    0x08004a44   Section        0  timer.o(.text)
    .text                                    0x08005354   Section        0  recordmanage.o(.text)
    .text                                    0x08005600   Section        0  beep.o(.text)
    .text                                    0x08005638   Section        0  exti.o(.text)
    .text                                    0x08005a5c   Section        0  delay.o(.text)
    .text                                    0x08005b2c   Section        0  sys.o(.text)
    .text                                    0x08005b38   Section        0  usart.o(.text)
    .text                                    0x08005bfc   Section        0  diskio.o(.text)
    .text                                    0x08005d48   Section        0  ff.o(.text)
    mem_cpy                                  0x08005d49   Thumb Code    26  ff.o(.text)
    mem_set                                  0x08005d63   Thumb Code    20  ff.o(.text)
    mem_cmp                                  0x08005d77   Thumb Code    38  ff.o(.text)
    chk_chr                                  0x08005d9d   Thumb Code    20  ff.o(.text)
    move_window                              0x08005db1   Thumb Code   114  ff.o(.text)
    sync                                     0x08005e23   Thumb Code   202  ff.o(.text)
    remove_chain                             0x08006125   Thumb Code   104  ff.o(.text)
    create_chain                             0x0800618d   Thumb Code   202  ff.o(.text)
    clmt_clust                               0x08006257   Thumb Code    50  ff.o(.text)
    dir_sdi                                  0x08006289   Thumb Code   156  ff.o(.text)
    dir_next                                 0x08006325   Thumb Code   276  ff.o(.text)
    cmp_lfn                                  0x08006439   Thumb Code   138  ff.o(.text)
    pick_lfn                                 0x080064c3   Thumb Code   112  ff.o(.text)
    fit_lfn                                  0x08006533   Thumb Code   122  ff.o(.text)
    sum_sfn                                  0x08006669   Thumb Code    32  ff.o(.text)
    dir_find                                 0x08006689   Thumb Code   222  ff.o(.text)
    dir_read                                 0x08006767   Thumb Code   188  ff.o(.text)
    dir_register                             0x08006823   Thumb Code   414  ff.o(.text)
    dir_remove                               0x080069c1   Thumb Code    96  ff.o(.text)
    create_name                              0x08006a21   Thumb Code   706  ff.o(.text)
    get_fileinfo                             0x08006ce3   Thumb Code   316  ff.o(.text)
    follow_path                              0x08006e1f   Thumb Code   206  ff.o(.text)
    check_fs                                 0x08006eed   Thumb Code   138  ff.o(.text)
    chk_mounted                              0x08006f77   Thumb Code   904  ff.o(.text)
    validate                                 0x080072ff   Thumb Code    66  ff.o(.text)
    .text                                    0x08008e80   Section        0  fattester.o(.text)
    .text                                    0x080096bc   Section        0  exfuns.o(.text)
    .text                                    0x08009860   Section        0  cc936.o(.text)
    .text                                    0x08009914   Section        0  memcpya.o(.text)
    .text                                    0x08009938   Section        0  strcat.o(.text)
    .text                                    0x08009950   Section        0  strcmp.o(.text)
    .text                                    0x0800996c   Section        0  strcpy.o(.text)
    .text                                    0x0800997e   Section        0  uidiv.o(.text)
    .text                                    0x080099ac   Section       36  init.o(.text)
    .text                                    0x080099d0   Section        0  __dczerorl2.o(.text)
    i.__0printf$3                            0x08009a2c   Section        0  printf3.o(i.__0printf$3)
    i.__scatterload_copy                     0x08009a4c   Section       14  handlers.o(i.__scatterload_copy)
    i.__scatterload_null                     0x08009a5a   Section        2  handlers.o(i.__scatterload_null)
    i.__scatterload_zeroinit                 0x08009a5c   Section       14  handlers.o(i.__scatterload_zeroinit)
    i._printf_core                           0x08009a6c   Section        0  printf3.o(i._printf_core)
    _printf_core                             0x08009a6d   Thumb Code   436  printf3.o(i._printf_core)
    .constdata                               0x08009c24   Section      512  mbcrc.o(.constdata)
    aucCRCHi                                 0x08009c24   Data         256  mbcrc.o(.constdata)
    aucCRCLo                                 0x08009d24   Data         256  mbcrc.o(.constdata)
    .constdata                               0x08009e24   Section       24  malloc.o(.constdata)
    .constdata                               0x08009e3c   Section       24  rtc.o(.constdata)
    .constdata                               0x08009e54   Section       58  ff.o(.constdata)
    LfnOfs                                   0x08009e54   Data          13  ff.o(.constdata)
    vst                                      0x08009e62   Data          22  ff.o(.constdata)
    cst                                      0x08009e78   Data          22  ff.o(.constdata)
    .constdata                               0x08009e90   Section      126  fattester.o(.constdata)
    .constdata                               0x08009f0e   Section      964  cc936.o(.constdata)
    uni2oem                                  0x08009f0e   Data           2  cc936.o(.constdata)
    oem2uni                                  0x08009f10   Data           2  cc936.o(.constdata)
    tbl_lower                                0x08009f12   Data         480  cc936.o(.constdata)
    tbl_upper                                0x0800a0f2   Data         480  cc936.o(.constdata)
    .conststring                             0x0800a2d2   Section       88  exfuns.o(.conststring)
    .data                                    0x20000000   Section       20  system_stm32f10x.o(.data)
    .data                                    0x20000014   Section       17  main.o(.data)
    .data                                    0x20000025   Section        1  init.o(.data)
    .data                                    0x20000026   Section        1  controlfunction.o(.data)
    key_up                                   0x20000026   Data           1  controlfunction.o(.data)
    .data                                    0x20000027   Section       20  stm32f10x_rcc.o(.data)
    APBAHBPrescTable                         0x20000027   Data          16  stm32f10x_rcc.o(.data)
    ADCPrescTable                            0x20000037   Data           4  stm32f10x_rcc.o(.data)
    .data                                    0x2000003c   Section        2  mbfuncother.o(.data)
    usMBSlaveIDLen                           0x2000003c   Data           2  mbfuncother.o(.data)
    .data                                    0x20000040   Section       12  mbrtu.o(.data)
    eSndState                                0x20000040   Data           1  mbrtu.o(.data)
    eRcvState                                0x20000041   Data           1  mbrtu.o(.data)
    pucSndBufferCur                          0x20000044   Data           4  mbrtu.o(.data)
    usSndBufferCount                         0x20000048   Data           2  mbrtu.o(.data)
    usRcvBufferPos                           0x2000004a   Data           2  mbrtu.o(.data)
    .data                                    0x2000004c   Section      184  mb.o(.data)
    eMBState                                 0x2000004c   Data           1  mb.o(.data)
    xFuncHandlers                            0x20000050   Data         128  mb.o(.data)
    ucMBFrame                                0x200000d0   Data           4  mb.o(.data)
    ucRcvAddress                             0x200000d4   Data           1  mb.o(.data)
    ucFunctionCode                           0x200000d5   Data           1  mb.o(.data)
    usLength                                 0x200000d6   Data           2  mb.o(.data)
    eException                               0x200000d8   Data           1  mb.o(.data)
    ucMBAddress                              0x200000d9   Data           1  mb.o(.data)
    eMBCurrentMode                           0x200000da   Data           1  mb.o(.data)
    peMBFrameSendCur                         0x200000dc   Data           4  mb.o(.data)
    pvMBFrameStartCur                        0x200000e0   Data           4  mb.o(.data)
    pvMBFrameStopCur                         0x200000e4   Data           4  mb.o(.data)
    peMBFrameReceiveCur                      0x200000e8   Data           4  mb.o(.data)
    pvMBFrameCloseCur                        0x200000ec   Data           4  mb.o(.data)
    .data                                    0x20000104   Section        2  portevent.o(.data)
    eQueuedEvent                             0x20000104   Data           1  portevent.o(.data)
    xEventInQueue                            0x20000105   Data           1  portevent.o(.data)
    .data                                    0x20000108   Section       36  port.o(.data)
    .data                                    0x2000012c   Section        1  rs485.o(.data)
    .data                                    0x2000012d   Section        1  mmc_sd.o(.data)
    .data                                    0x20000130   Section       28  malloc.o(.data)
    .data                                    0x2000014c   Section        2  rtc.o(.data)
    daycnt                                   0x2000014c   Data           2  rtc.o(.data)
    .data                                    0x20000150   Section       19  timer.o(.data)
    .data                                    0x20000163   Section        1  exti.o(.data)
    .data                                    0x20000164   Section        4  delay.o(.data)
    fac_us                                   0x20000164   Data           1  delay.o(.data)
    fac_ms                                   0x20000166   Data           2  delay.o(.data)
    .data                                    0x20000168   Section        8  usart.o(.data)
    .data                                    0x20000170   Section       11  ff.o(.data)
    FatFs                                    0x20000170   Data           8  ff.o(.data)
    Fsid                                     0x20000178   Data           2  ff.o(.data)
    CurrVol                                  0x2000017a   Data           1  ff.o(.data)
    .data                                    0x2000017c   Section       28  fattester.o(.data)
    .data                                    0x20000198   Section      312  exfuns.o(.data)
    .bss                                     0x200002d0   Section       32  mbfuncother.o(.bss)
    ucMBSlaveID                              0x200002d0   Data          32  mbfuncother.o(.bss)
    .bss                                     0x200002f0   Section      256  mbrtu.o(.bss)
    .bss                                     0x200003f0   Section       40  port.o(.bss)
    .bss                                     0x20000418   Section       64  rs485.o(.bss)
    .bss                                     0x20000458   Section    10880  malloc.o(.bss)
    .bss                                     0x20002ed8   Section       10  rtc.o(.bss)
    .bss                                     0x20002ee2   Section       30  exti.o(.bss)
    .bss                                     0x20002f00   Section       68  fattester.o(.bss)
    STACK                                    0x20002f48   Section     1024  startup_stm32f10x_hd.o(STACK)
    .ARM.__AT_0x68000000                     0x68000000   Section    196608  malloc.o(.ARM.__AT_0x68000000)
    .ARM.__AT_0x68030000                     0x68030000   Section    12288  malloc.o(.ARM.__AT_0x68030000)

    Global Symbols

    Symbol Name                              Value     Ov Type        Size  Object(Section)

    BuildAttributes$$THM_ISAv4$P$D$K$B$S$PE$A:L22UL41UL21$X:L11$S22US41US21$IEEE1$IW$USESV6$~STKCKD$USESV7$~SHL$OSPACE$ROPI$EBA8$MICROLIB$REQ8$PRES8$EABIv2 0x00000000   Number         0  anon$$obj.o ABSOLUTE
    __ARM_use_no_argv                        0x00000000   Number         0  main.o ABSOLUTE
    __use_no_errno                           0x00000000   Number         0  useno.o ABSOLUTE
    __use_no_exception_handling              0x00000000   Number         0  useno.o ABSOLUTE
    __use_no_fp                              0x00000000   Number         0  useno.o ABSOLUTE
    __use_no_heap                            0x00000000   Number         0  useno.o ABSOLUTE
    __use_no_heap_region                     0x00000000   Number         0  useno.o ABSOLUTE
    __use_no_semihosting                     0x00000000   Number         0  useno.o ABSOLUTE
    __use_no_semihosting_swi                 0x00000000   Number         0  useno.o ABSOLUTE
    __use_no_signal_handling                 0x00000000   Number         0  useno.o ABSOLUTE
    _printf_a                                0x00000000   Number         0  stubs.o ABSOLUTE
    _printf_c                                0x00000000   Number         0  stubs.o ABSOLUTE
    _printf_charcount                        0x00000000   Number         0  stubs.o ABSOLUTE
    _printf_d                                0x00000000   Number         0  stubs.o ABSOLUTE
    _printf_e                                0x00000000   Number         0  stubs.o ABSOLUTE
    _printf_f                                0x00000000   Number         0  stubs.o ABSOLUTE
    _printf_flags                            0x00000000   Number         0  stubs.o ABSOLUTE
    _printf_fp_dec                           0x00000000   Number         0  stubs.o ABSOLUTE
    _printf_fp_hex                           0x00000000   Number         0  stubs.o ABSOLUTE
    _printf_g                                0x00000000   Number         0  stubs.o ABSOLUTE
    _printf_i                                0x00000000   Number         0  stubs.o ABSOLUTE
    _printf_int_dec                          0x00000000   Number         0  stubs.o ABSOLUTE
    _printf_l                                0x00000000   Number         0  stubs.o ABSOLUTE
    _printf_lc                               0x00000000   Number         0  stubs.o ABSOLUTE
    _printf_ll                               0x00000000   Number         0  stubs.o ABSOLUTE
    _printf_lld                              0x00000000   Number         0  stubs.o ABSOLUTE
    _printf_lli                              0x00000000   Number         0  stubs.o ABSOLUTE
    _printf_llo                              0x00000000   Number         0  stubs.o ABSOLUTE
    _printf_llu                              0x00000000   Number         0  stubs.o ABSOLUTE
    _printf_llx                              0x00000000   Number         0  stubs.o ABSOLUTE
    _printf_longlong_dec                     0x00000000   Number         0  stubs.o ABSOLUTE
    _printf_longlong_hex                     0x00000000   Number         0  stubs.o ABSOLUTE
    _printf_longlong_oct                     0x00000000   Number         0  stubs.o ABSOLUTE
    _printf_ls                               0x00000000   Number         0  stubs.o ABSOLUTE
    _printf_mbtowc                           0x00000000   Number         0  stubs.o ABSOLUTE
    _printf_n                                0x00000000   Number         0  stubs.o ABSOLUTE
    _printf_o                                0x00000000   Number         0  stubs.o ABSOLUTE
    _printf_p                                0x00000000   Number         0  stubs.o ABSOLUTE
    _printf_percent                          0x00000000   Number         0  stubs.o ABSOLUTE
    _printf_pre_padding                      0x00000000   Number         0  stubs.o ABSOLUTE
    _printf_return_value                     0x00000000   Number         0  stubs.o ABSOLUTE
    _printf_s                                0x00000000   Number         0  stubs.o ABSOLUTE
    _printf_sizespec                         0x00000000   Number         0  stubs.o ABSOLUTE
    _printf_str                              0x00000000   Number         0  stubs.o ABSOLUTE
    _printf_truncate_signed                  0x00000000   Number         0  stubs.o ABSOLUTE
    _printf_truncate_unsigned                0x00000000   Number         0  stubs.o ABSOLUTE
    _printf_u                                0x00000000   Number         0  stubs.o ABSOLUTE
    _printf_wc                               0x00000000   Number         0  stubs.o ABSOLUTE
    _printf_wctomb                           0x00000000   Number         0  stubs.o ABSOLUTE
    _printf_widthprec                        0x00000000   Number         0  stubs.o ABSOLUTE
    _printf_x                                0x00000000   Number         0  stubs.o ABSOLUTE
    __cpp_initialize__aeabi_                  - Undefined Weak Reference
    __cxa_finalize                            - Undefined Weak Reference
    _clock_init                               - Undefined Weak Reference
    _microlib_exit                            - Undefined Weak Reference
    __Vectors_Size                           0x00000130   Number         0  startup_stm32f10x_hd.o ABSOLUTE
    __Vectors                                0x08000000   Data           4  startup_stm32f10x_hd.o(RESET)
    __Vectors_End                            0x08000130   Data           0  startup_stm32f10x_hd.o(RESET)
    __main                                   0x08000131   Thumb Code     0  entry.o(.ARM.Collect$$$$00000000)
    _main_stk                                0x08000131   Thumb Code     0  entry2.o(.ARM.Collect$$$$00000001)
    _main_scatterload                        0x08000135   Thumb Code     0  entry5.o(.ARM.Collect$$$$00000004)
    __main_after_scatterload                 0x08000139   Thumb Code     0  entry5.o(.ARM.Collect$$$$00000004)
    _main_clock                              0x08000139   Thumb Code     0  entry7b.o(.ARM.Collect$$$$00000008)
    _main_cpp_init                           0x08000139   Thumb Code     0  entry8b.o(.ARM.Collect$$$$0000000A)
    _main_init                               0x08000139   Thumb Code     0  entry9a.o(.ARM.Collect$$$$0000000B)
    __rt_final_cpp                           0x08000141   Thumb Code     0  entry10a.o(.ARM.Collect$$$$0000000D)
    __rt_final_exit                          0x08000141   Thumb Code     0  entry11a.o(.ARM.Collect$$$$0000000F)
    NMI_Handler                              0x08000145   Thumb Code     2  stm32f10x_it.o(.text)
    HardFault_Handler                        0x08000147   Thumb Code     4  stm32f10x_it.o(.text)
    MemManage_Handler                        0x0800014b   Thumb Code     4  stm32f10x_it.o(.text)
    BusFault_Handler                         0x0800014f   Thumb Code     4  stm32f10x_it.o(.text)
    UsageFault_Handler                       0x08000153   Thumb Code     4  stm32f10x_it.o(.text)
    SVC_Handler                              0x08000157   Thumb Code     2  stm32f10x_it.o(.text)
    DebugMon_Handler                         0x08000159   Thumb Code     2  stm32f10x_it.o(.text)
    PendSV_Handler                           0x0800015b   Thumb Code     2  stm32f10x_it.o(.text)
    SysTick_Handler                          0x0800015d   Thumb Code     2  stm32f10x_it.o(.text)
    SystemInit                               0x0800023d   Thumb Code    78  system_stm32f10x.o(.text)
    SystemCoreClockUpdate                    0x0800028b   Thumb Code   142  system_stm32f10x.o(.text)
    main                                     0x0800033d   Thumb Code   296  main.o(.text)
    systemInit                               0x080004b1   Thumb Code   144  init.o(.text)
    ControlFunction_Init                     0x0800054d   Thumb Code   230  controlfunction.o(.text)
    Bollard_Control                          0x08000633   Thumb Code   294  controlfunction.o(.text)
    Botton_Scan                              0x08000759   Thumb Code   116  controlfunction.o(.text)
    Botton_Control                           0x080007cd   Thumb Code    66  controlfunction.o(.text)
    Alarm_Control                            0x0800080f   Thumb Code    26  controlfunction.o(.text)
    Limit_Scan                               0x08000829   Thumb Code    58  controlfunction.o(.text)
    Cascade_Connection_Scan                  0x08000863   Thumb Code    62  controlfunction.o(.text)
    Bollard_Status_Scan                      0x080008a1   Thumb Code    64  controlfunction.o(.text)
    Ground_Coil_Scan                         0x080008e1   Thumb Code    26  controlfunction.o(.text)
    Reset_Handler                            0x08000985   Thumb Code     8  startup_stm32f10x_hd.o(.text)
    ADC1_2_IRQHandler                        0x0800099f   Thumb Code     0  startup_stm32f10x_hd.o(.text)
    ADC3_IRQHandler                          0x0800099f   Thumb Code     0  startup_stm32f10x_hd.o(.text)
    CAN1_RX1_IRQHandler                      0x0800099f   Thumb Code     0  startup_stm32f10x_hd.o(.text)
    CAN1_SCE_IRQHandler                      0x0800099f   Thumb Code     0  startup_stm32f10x_hd.o(.text)
    DMA1_Channel1_IRQHandler                 0x0800099f   Thumb Code     0  startup_stm32f10x_hd.o(.text)
    DMA1_Channel2_IRQHandler                 0x0800099f   Thumb Code     0  startup_stm32f10x_hd.o(.text)
    DMA1_Channel3_IRQHandler                 0x0800099f   Thumb Code     0  startup_stm32f10x_hd.o(.text)
    DMA1_Channel4_IRQHandler                 0x0800099f   Thumb Code     0  startup_stm32f10x_hd.o(.text)
    DMA1_Channel5_IRQHandler                 0x0800099f   Thumb Code     0  startup_stm32f10x_hd.o(.text)
    DMA1_Channel6_IRQHandler                 0x0800099f   Thumb Code     0  startup_stm32f10x_hd.o(.text)
    DMA1_Channel7_IRQHandler                 0x0800099f   Thumb Code     0  startup_stm32f10x_hd.o(.text)
    DMA2_Channel1_IRQHandler                 0x0800099f   Thumb Code     0  startup_stm32f10x_hd.o(.text)
    DMA2_Channel2_IRQHandler                 0x0800099f   Thumb Code     0  startup_stm32f10x_hd.o(.text)
    DMA2_Channel3_IRQHandler                 0x0800099f   Thumb Code     0  startup_stm32f10x_hd.o(.text)
    DMA2_Channel4_5_IRQHandler               0x0800099f   Thumb Code     0  startup_stm32f10x_hd.o(.text)
    EXTI0_IRQHandler                         0x0800099f   Thumb Code     0  startup_stm32f10x_hd.o(.text)
    EXTI1_IRQHandler                         0x0800099f   Thumb Code     0  startup_stm32f10x_hd.o(.text)
    EXTI3_IRQHandler                         0x0800099f   Thumb Code     0  startup_stm32f10x_hd.o(.text)
    EXTI4_IRQHandler                         0x0800099f   Thumb Code     0  startup_stm32f10x_hd.o(.text)
    FLASH_IRQHandler                         0x0800099f   Thumb Code     0  startup_stm32f10x_hd.o(.text)
    FSMC_IRQHandler                          0x0800099f   Thumb Code     0  startup_stm32f10x_hd.o(.text)
    I2C1_ER_IRQHandler                       0x0800099f   Thumb Code     0  startup_stm32f10x_hd.o(.text)
    I2C1_EV_IRQHandler                       0x0800099f   Thumb Code     0  startup_stm32f10x_hd.o(.text)
    I2C2_ER_IRQHandler                       0x0800099f   Thumb Code     0  startup_stm32f10x_hd.o(.text)
    I2C2_EV_IRQHandler                       0x0800099f   Thumb Code     0  startup_stm32f10x_hd.o(.text)
    PVD_IRQHandler                           0x0800099f   Thumb Code     0  startup_stm32f10x_hd.o(.text)
    RCC_IRQHandler                           0x0800099f   Thumb Code     0  startup_stm32f10x_hd.o(.text)
    RTCAlarm_IRQHandler                      0x0800099f   Thumb Code     0  startup_stm32f10x_hd.o(.text)
    SDIO_IRQHandler                          0x0800099f   Thumb Code     0  startup_stm32f10x_hd.o(.text)
    SPI1_IRQHandler                          0x0800099f   Thumb Code     0  startup_stm32f10x_hd.o(.text)
    SPI2_IRQHandler                          0x0800099f   Thumb Code     0  startup_stm32f10x_hd.o(.text)
    SPI3_IRQHandler                          0x0800099f   Thumb Code     0  startup_stm32f10x_hd.o(.text)
    TAMPER_IRQHandler                        0x0800099f   Thumb Code     0  startup_stm32f10x_hd.o(.text)
    TIM1_BRK_IRQHandler                      0x0800099f   Thumb Code     0  startup_stm32f10x_hd.o(.text)
    TIM1_CC_IRQHandler                       0x0800099f   Thumb Code     0  startup_stm32f10x_hd.o(.text)
    TIM1_TRG_COM_IRQHandler                  0x0800099f   Thumb Code     0  startup_stm32f10x_hd.o(.text)
    TIM1_UP_IRQHandler                       0x0800099f   Thumb Code     0  startup_stm32f10x_hd.o(.text)
    TIM6_IRQHandler                          0x0800099f   Thumb Code     0  startup_stm32f10x_hd.o(.text)
    TIM7_IRQHandler                          0x0800099f   Thumb Code     0  startup_stm32f10x_hd.o(.text)
    TIM8_BRK_IRQHandler                      0x0800099f   Thumb Code     0  startup_stm32f10x_hd.o(.text)
    TIM8_CC_IRQHandler                       0x0800099f   Thumb Code     0  startup_stm32f10x_hd.o(.text)
    TIM8_TRG_COM_IRQHandler                  0x0800099f   Thumb Code     0  startup_stm32f10x_hd.o(.text)
    TIM8_UP_IRQHandler                       0x0800099f   Thumb Code     0  startup_stm32f10x_hd.o(.text)
    UART4_IRQHandler                         0x0800099f   Thumb Code     0  startup_stm32f10x_hd.o(.text)
    UART5_IRQHandler                         0x0800099f   Thumb Code     0  startup_stm32f10x_hd.o(.text)
    USART1_IRQHandler                        0x0800099f   Thumb Code     0  startup_stm32f10x_hd.o(.text)
    USART3_IRQHandler                        0x0800099f   Thumb Code     0  startup_stm32f10x_hd.o(.text)
    USBWakeUp_IRQHandler                     0x0800099f   Thumb Code     0  startup_stm32f10x_hd.o(.text)
    USB_HP_CAN1_TX_IRQHandler                0x0800099f   Thumb Code     0  startup_stm32f10x_hd.o(.text)
    USB_LP_CAN1_RX0_IRQHandler               0x0800099f   Thumb Code     0  startup_stm32f10x_hd.o(.text)
    WWDG_IRQHandler                          0x0800099f   Thumb Code     0  startup_stm32f10x_hd.o(.text)
    NVIC_PriorityGroupConfig                 0x080009a9   Thumb Code    10  misc.o(.text)
    NVIC_Init                                0x080009b3   Thumb Code   102  misc.o(.text)
    NVIC_SetVectorTable                      0x08000a19   Thumb Code    14  misc.o(.text)
    NVIC_SystemLPConfig                      0x08000a27   Thumb Code    34  misc.o(.text)
    SysTick_CLKSourceConfig                  0x08000a49   Thumb Code    40  misc.o(.text)
    BKP_DeInit                               0x08000a85   Thumb Code    16  stm32f10x_bkp.o(.text)
    BKP_TamperPinLevelConfig                 0x08000a95   Thumb Code     6  stm32f10x_bkp.o(.text)
    BKP_TamperPinCmd                         0x08000a9b   Thumb Code     8  stm32f10x_bkp.o(.text)
    BKP_ITConfig                             0x08000aa3   Thumb Code     8  stm32f10x_bkp.o(.text)
    BKP_RTCOutputConfig                      0x08000aab   Thumb Code    22  stm32f10x_bkp.o(.text)
    BKP_SetRTCCalibrationValue               0x08000ac1   Thumb Code    22  stm32f10x_bkp.o(.text)
    BKP_WriteBackupRegister                  0x08000ad7   Thumb Code    24  stm32f10x_bkp.o(.text)
    BKP_ReadBackupRegister                   0x08000aef   Thumb Code    26  stm32f10x_bkp.o(.text)
    BKP_GetFlagStatus                        0x08000b09   Thumb Code    10  stm32f10x_bkp.o(.text)
    BKP_ClearFlag                            0x08000b13   Thumb Code    18  stm32f10x_bkp.o(.text)
    BKP_GetITStatus                          0x08000b25   Thumb Code    10  stm32f10x_bkp.o(.text)
    BKP_ClearITPendingBit                    0x08000b2f   Thumb Code    18  stm32f10x_bkp.o(.text)
    EXTI_DeInit                              0x08000b49   Thumb Code    28  stm32f10x_exti.o(.text)
    EXTI_Init                                0x08000b65   Thumb Code   142  stm32f10x_exti.o(.text)
    EXTI_StructInit                          0x08000bf3   Thumb Code    16  stm32f10x_exti.o(.text)
    EXTI_GenerateSWInterrupt                 0x08000c03   Thumb Code    16  stm32f10x_exti.o(.text)
    EXTI_GetFlagStatus                       0x08000c13   Thumb Code    22  stm32f10x_exti.o(.text)
    EXTI_ClearFlag                           0x08000c29   Thumb Code     8  stm32f10x_exti.o(.text)
    EXTI_GetITStatus                         0x08000c31   Thumb Code    34  stm32f10x_exti.o(.text)
    EXTI_ClearITPendingBit                   0x08000c53   Thumb Code     8  stm32f10x_exti.o(.text)
    GPIO_DeInit                              0x08000c65   Thumb Code   172  stm32f10x_gpio.o(.text)
    GPIO_AFIODeInit                          0x08000d11   Thumb Code    20  stm32f10x_gpio.o(.text)
    GPIO_Init                                0x08000d25   Thumb Code   274  stm32f10x_gpio.o(.text)
    GPIO_StructInit                          0x08000e37   Thumb Code    16  stm32f10x_gpio.o(.text)
    GPIO_ReadInputDataBit                    0x08000e47   Thumb Code    18  stm32f10x_gpio.o(.text)
    GPIO_ReadInputData                       0x08000e59   Thumb Code     8  stm32f10x_gpio.o(.text)
    GPIO_ReadOutputDataBit                   0x08000e61   Thumb Code    18  stm32f10x_gpio.o(.text)
    GPIO_ReadOutputData                      0x08000e73   Thumb Code     8  stm32f10x_gpio.o(.text)
    GPIO_SetBits                             0x08000e7b   Thumb Code     4  stm32f10x_gpio.o(.text)
    GPIO_ResetBits                           0x08000e7f   Thumb Code     4  stm32f10x_gpio.o(.text)
    GPIO_WriteBit                            0x08000e83   Thumb Code    10  stm32f10x_gpio.o(.text)
    GPIO_Write                               0x08000e8d   Thumb Code     4  stm32f10x_gpio.o(.text)
    GPIO_PinLockConfig                       0x08000e91   Thumb Code    18  stm32f10x_gpio.o(.text)
    GPIO_EventOutputConfig                   0x08000ea3   Thumb Code    26  stm32f10x_gpio.o(.text)
    GPIO_EventOutputCmd                      0x08000ebd   Thumb Code     6  stm32f10x_gpio.o(.text)
    GPIO_PinRemapConfig                      0x08000ec3   Thumb Code   138  stm32f10x_gpio.o(.text)
    GPIO_EXTILineConfig                      0x08000f4d   Thumb Code    66  stm32f10x_gpio.o(.text)
    GPIO_ETH_MediaInterfaceConfig            0x08000f8f   Thumb Code     6  stm32f10x_gpio.o(.text)
    PWR_DeInit                               0x08000fbd   Thumb Code    22  stm32f10x_pwr.o(.text)
    PWR_BackupAccessCmd                      0x08000fd3   Thumb Code     6  stm32f10x_pwr.o(.text)
    PWR_PVDCmd                               0x08000fd9   Thumb Code     6  stm32f10x_pwr.o(.text)
    PWR_PVDLevelConfig                       0x08000fdf   Thumb Code    18  stm32f10x_pwr.o(.text)
    PWR_WakeUpPinCmd                         0x08000ff1   Thumb Code     6  stm32f10x_pwr.o(.text)
    PWR_EnterSTOPMode                        0x08000ff7   Thumb Code    54  stm32f10x_pwr.o(.text)
    PWR_EnterSTANDBYMode                     0x0800102d   Thumb Code    42  stm32f10x_pwr.o(.text)
    PWR_GetFlagStatus                        0x08001057   Thumb Code    20  stm32f10x_pwr.o(.text)
    PWR_ClearFlag                            0x0800106b   Thumb Code    14  stm32f10x_pwr.o(.text)
    RCC_DeInit                               0x08001089   Thumb Code    64  stm32f10x_rcc.o(.text)
    RCC_HSEConfig                            0x080010c9   Thumb Code    70  stm32f10x_rcc.o(.text)
    RCC_GetFlagStatus                        0x0800110f   Thumb Code    56  stm32f10x_rcc.o(.text)
    RCC_WaitForHSEStartUp                    0x08001147   Thumb Code    56  stm32f10x_rcc.o(.text)
    RCC_AdjustHSICalibrationValue            0x0800117f   Thumb Code    20  stm32f10x_rcc.o(.text)
    RCC_HSICmd                               0x08001193   Thumb Code     6  stm32f10x_rcc.o(.text)
    RCC_PLLConfig                            0x08001199   Thumb Code    24  stm32f10x_rcc.o(.text)
    RCC_PLLCmd                               0x080011b1   Thumb Code     6  stm32f10x_rcc.o(.text)
    RCC_SYSCLKConfig                         0x080011b7   Thumb Code    18  stm32f10x_rcc.o(.text)
    RCC_GetSYSCLKSource                      0x080011c9   Thumb Code    10  stm32f10x_rcc.o(.text)
    RCC_HCLKConfig                           0x080011d3   Thumb Code    18  stm32f10x_rcc.o(.text)
    RCC_PCLK1Config                          0x080011e5   Thumb Code    18  stm32f10x_rcc.o(.text)
    RCC_PCLK2Config                          0x080011f7   Thumb Code    20  stm32f10x_rcc.o(.text)
    RCC_ITConfig                             0x0800120b   Thumb Code    26  stm32f10x_rcc.o(.text)
    RCC_USBCLKConfig                         0x08001225   Thumb Code     6  stm32f10x_rcc.o(.text)
    RCC_ADCCLKConfig                         0x0800122b   Thumb Code    18  stm32f10x_rcc.o(.text)
    RCC_LSEConfig                            0x0800123d   Thumb Code    44  stm32f10x_rcc.o(.text)
    RCC_LSICmd                               0x08001269   Thumb Code     6  stm32f10x_rcc.o(.text)
    RCC_RTCCLKConfig                         0x0800126f   Thumb Code    12  stm32f10x_rcc.o(.text)
    RCC_RTCCLKCmd                            0x0800127b   Thumb Code     8  stm32f10x_rcc.o(.text)
    RCC_GetClocksFreq                        0x08001283   Thumb Code   192  stm32f10x_rcc.o(.text)
    RCC_AHBPeriphClockCmd                    0x08001343   Thumb Code    26  stm32f10x_rcc.o(.text)
    RCC_APB2PeriphClockCmd                   0x0800135d   Thumb Code    26  stm32f10x_rcc.o(.text)
    RCC_APB1PeriphClockCmd                   0x08001377   Thumb Code    26  stm32f10x_rcc.o(.text)
    RCC_APB2PeriphResetCmd                   0x08001391   Thumb Code    26  stm32f10x_rcc.o(.text)
    RCC_APB1PeriphResetCmd                   0x080013ab   Thumb Code    26  stm32f10x_rcc.o(.text)
    RCC_BackupResetCmd                       0x080013c5   Thumb Code     8  stm32f10x_rcc.o(.text)
    RCC_ClockSecuritySystemCmd               0x080013cd   Thumb Code     6  stm32f10x_rcc.o(.text)
    RCC_MCOConfig                            0x080013d3   Thumb Code     6  stm32f10x_rcc.o(.text)
    RCC_ClearFlag                            0x080013d9   Thumb Code    14  stm32f10x_rcc.o(.text)
    RCC_GetITStatus                          0x080013e7   Thumb Code    20  stm32f10x_rcc.o(.text)
    RCC_ClearITPendingBit                    0x080013fb   Thumb Code     6  stm32f10x_rcc.o(.text)
    RTC_ITConfig                             0x0800142d   Thumb Code    26  stm32f10x_rtc.o(.text)
    RTC_EnterConfigMode                      0x08001447   Thumb Code    18  stm32f10x_rtc.o(.text)
    RTC_ExitConfigMode                       0x08001459   Thumb Code    20  stm32f10x_rtc.o(.text)
    RTC_GetCounter                           0x0800146d   Thumb Code    18  stm32f10x_rtc.o(.text)
    RTC_SetCounter                           0x0800147f   Thumb Code    26  stm32f10x_rtc.o(.text)
    RTC_SetPrescaler                         0x08001499   Thumb Code    28  stm32f10x_rtc.o(.text)
    RTC_SetAlarm                             0x080014b5   Thumb Code    26  stm32f10x_rtc.o(.text)
    RTC_GetDivider                           0x080014cf   Thumb Code    22  stm32f10x_rtc.o(.text)
    RTC_WaitForLastTask                      0x080014e5   Thumb Code    16  stm32f10x_rtc.o(.text)
    RTC_WaitForSynchro                       0x080014f5   Thumb Code    34  stm32f10x_rtc.o(.text)
    RTC_GetFlagStatus                        0x08001517   Thumb Code    22  stm32f10x_rtc.o(.text)
    RTC_ClearFlag                            0x0800152d   Thumb Code    16  stm32f10x_rtc.o(.text)
    RTC_GetITStatus                          0x0800153d   Thumb Code    32  stm32f10x_rtc.o(.text)
    RTC_ClearITPendingBit                    0x0800155d   Thumb Code    16  stm32f10x_rtc.o(.text)
    SPI_I2S_DeInit                           0x08001571   Thumb Code    76  stm32f10x_spi.o(.text)
    SPI_Init                                 0x080015bd   Thumb Code    60  stm32f10x_spi.o(.text)
    I2S_Init                                 0x080015f9   Thumb Code   226  stm32f10x_spi.o(.text)
    SPI_StructInit                           0x080016db   Thumb Code    24  stm32f10x_spi.o(.text)
    I2S_StructInit                           0x080016f3   Thumb Code    20  stm32f10x_spi.o(.text)
    SPI_Cmd                                  0x08001707   Thumb Code    24  stm32f10x_spi.o(.text)
    I2S_Cmd                                  0x0800171f   Thumb Code    24  stm32f10x_spi.o(.text)
    SPI_I2S_ITConfig                         0x08001737   Thumb Code    32  stm32f10x_spi.o(.text)
    SPI_I2S_DMACmd                           0x08001757   Thumb Code    18  stm32f10x_spi.o(.text)
    SPI_I2S_SendData                         0x08001769   Thumb Code     4  stm32f10x_spi.o(.text)
    SPI_I2S_ReceiveData                      0x0800176d   Thumb Code     6  stm32f10x_spi.o(.text)
    SPI_NSSInternalSoftwareConfig            0x08001773   Thumb Code    30  stm32f10x_spi.o(.text)
    SPI_SSOutputCmd                          0x08001791   Thumb Code    24  stm32f10x_spi.o(.text)
    SPI_DataSizeConfig                       0x080017a9   Thumb Code    18  stm32f10x_spi.o(.text)
    SPI_TransmitCRC                          0x080017bb   Thumb Code    10  stm32f10x_spi.o(.text)
    SPI_CalculateCRC                         0x080017c5   Thumb Code    24  stm32f10x_spi.o(.text)
    SPI_GetCRC                               0x080017dd   Thumb Code    16  stm32f10x_spi.o(.text)
    SPI_GetCRCPolynomial                     0x080017ed   Thumb Code     6  stm32f10x_spi.o(.text)
    SPI_BiDirectionalLineConfig              0x080017f3   Thumb Code    28  stm32f10x_spi.o(.text)
    SPI_I2S_GetFlagStatus                    0x0800180f   Thumb Code    18  stm32f10x_spi.o(.text)
    SPI_I2S_ClearFlag                        0x08001821   Thumb Code     6  stm32f10x_spi.o(.text)
    SPI_I2S_GetITStatus                      0x08001827   Thumb Code    52  stm32f10x_spi.o(.text)
    SPI_I2S_ClearITPendingBit                0x0800185b   Thumb Code    20  stm32f10x_spi.o(.text)
    TIM_DeInit                               0x0800187d   Thumb Code   424  stm32f10x_tim.o(.text)
    TIM_TimeBaseInit                         0x08001a25   Thumb Code   122  stm32f10x_tim.o(.text)
    TIM_OC1Init                              0x08001a9f   Thumb Code   132  stm32f10x_tim.o(.text)
    TIM_OC2Init                              0x08001b23   Thumb Code   154  stm32f10x_tim.o(.text)
    TIM_OC3Init                              0x08001bbd   Thumb Code   150  stm32f10x_tim.o(.text)
    TIM_OC4Init                              0x08001c53   Thumb Code   182  stm32f10x_tim.o(.text)
    TIM_SetIC4Prescaler                      0x08001d09   Thumb Code    26  stm32f10x_tim.o(.text)
    TIM_SetIC3Prescaler                      0x08001da5   Thumb Code    18  stm32f10x_tim.o(.text)
    TIM_SetIC2Prescaler                      0x08001e31   Thumb Code    26  stm32f10x_tim.o(.text)
    TIM_SetIC1Prescaler                      0x08001ecd   Thumb Code    18  stm32f10x_tim.o(.text)
    TIM_ICInit                               0x08001f4b   Thumb Code   150  stm32f10x_tim.o(.text)
    TIM_PWMIConfig                           0x08001fe1   Thumb Code   124  stm32f10x_tim.o(.text)
    TIM_BDTRConfig                           0x0800205d   Thumb Code    32  stm32f10x_tim.o(.text)
    TIM_TimeBaseStructInit                   0x0800207d   Thumb Code    18  stm32f10x_tim.o(.text)
    TIM_OCStructInit                         0x0800208f   Thumb Code    20  stm32f10x_tim.o(.text)
    TIM_ICStructInit                         0x080020a3   Thumb Code    18  stm32f10x_tim.o(.text)
    TIM_BDTRStructInit                       0x080020b5   Thumb Code    40  stm32f10x_tim.o(.text)
    TIM_Cmd                                  0x080020dd   Thumb Code    24  stm32f10x_tim.o(.text)
    TIM_CtrlPWMOutputs                       0x080020f5   Thumb Code    30  stm32f10x_tim.o(.text)
    TIM_ITConfig                             0x08002113   Thumb Code    18  stm32f10x_tim.o(.text)
    TIM_GenerateEvent                        0x08002125   Thumb Code     4  stm32f10x_tim.o(.text)
    TIM_DMAConfig                            0x08002129   Thumb Code    10  stm32f10x_tim.o(.text)
    TIM_DMACmd                               0x08002133   Thumb Code    18  stm32f10x_tim.o(.text)
    TIM_InternalClockConfig                  0x08002145   Thumb Code    12  stm32f10x_tim.o(.text)
    TIM_SelectInputTrigger                   0x08002151   Thumb Code    18  stm32f10x_tim.o(.text)
    TIM_ITRxExternalClockConfig              0x08002163   Thumb Code    24  stm32f10x_tim.o(.text)
    TIM_TIxExternalClockConfig               0x0800217b   Thumb Code    62  stm32f10x_tim.o(.text)
    TIM_ETRConfig                            0x080021b9   Thumb Code    28  stm32f10x_tim.o(.text)
    TIM_ETRClockMode1Config                  0x080021d5   Thumb Code    54  stm32f10x_tim.o(.text)
    TIM_ETRClockMode2Config                  0x0800220b   Thumb Code    32  stm32f10x_tim.o(.text)
    TIM_PrescalerConfig                      0x0800222b   Thumb Code     6  stm32f10x_tim.o(.text)
    TIM_CounterModeConfig                    0x08002231   Thumb Code    18  stm32f10x_tim.o(.text)
    TIM_EncoderInterfaceConfig               0x08002243   Thumb Code    66  stm32f10x_tim.o(.text)
    TIM_ForcedOC1Config                      0x08002285   Thumb Code    18  stm32f10x_tim.o(.text)
    TIM_ForcedOC2Config                      0x08002297   Thumb Code    26  stm32f10x_tim.o(.text)
    TIM_ForcedOC3Config                      0x080022b1   Thumb Code    18  stm32f10x_tim.o(.text)
    TIM_ForcedOC4Config                      0x080022c3   Thumb Code    26  stm32f10x_tim.o(.text)
    TIM_ARRPreloadConfig                     0x080022dd   Thumb Code    24  stm32f10x_tim.o(.text)
    TIM_SelectCOM                            0x080022f5   Thumb Code    24  stm32f10x_tim.o(.text)
    TIM_SelectCCDMA                          0x0800230d   Thumb Code    24  stm32f10x_tim.o(.text)
    TIM_CCPreloadControl                     0x08002325   Thumb Code    24  stm32f10x_tim.o(.text)
    TIM_OC1PreloadConfig                     0x0800233d   Thumb Code    18  stm32f10x_tim.o(.text)
    TIM_OC2PreloadConfig                     0x0800234f   Thumb Code    26  stm32f10x_tim.o(.text)
    TIM_OC3PreloadConfig                     0x08002369   Thumb Code    18  stm32f10x_tim.o(.text)
    TIM_OC4PreloadConfig                     0x0800237b   Thumb Code    26  stm32f10x_tim.o(.text)
    TIM_OC1FastConfig                        0x08002395   Thumb Code    18  stm32f10x_tim.o(.text)
    TIM_OC2FastConfig                        0x080023a7   Thumb Code    26  stm32f10x_tim.o(.text)
    TIM_OC3FastConfig                        0x080023c1   Thumb Code    18  stm32f10x_tim.o(.text)
    TIM_OC4FastConfig                        0x080023d3   Thumb Code    26  stm32f10x_tim.o(.text)
    TIM_ClearOC1Ref                          0x080023ed   Thumb Code    18  stm32f10x_tim.o(.text)
    TIM_ClearOC2Ref                          0x080023ff   Thumb Code    24  stm32f10x_tim.o(.text)
    TIM_ClearOC3Ref                          0x08002417   Thumb Code    18  stm32f10x_tim.o(.text)
    TIM_ClearOC4Ref                          0x08002429   Thumb Code    24  stm32f10x_tim.o(.text)
    TIM_OC1PolarityConfig                    0x08002441   Thumb Code    18  stm32f10x_tim.o(.text)
    TIM_OC1NPolarityConfig                   0x08002453   Thumb Code    18  stm32f10x_tim.o(.text)
    TIM_OC2PolarityConfig                    0x08002465   Thumb Code    26  stm32f10x_tim.o(.text)
    TIM_OC2NPolarityConfig                   0x0800247f   Thumb Code    26  stm32f10x_tim.o(.text)
    TIM_OC3PolarityConfig                    0x08002499   Thumb Code    26  stm32f10x_tim.o(.text)
    TIM_OC3NPolarityConfig                   0x080024b3   Thumb Code    26  stm32f10x_tim.o(.text)
    TIM_OC4PolarityConfig                    0x080024cd   Thumb Code    26  stm32f10x_tim.o(.text)
    TIM_CCxCmd                               0x080024e7   Thumb Code    30  stm32f10x_tim.o(.text)
    TIM_CCxNCmd                              0x08002505   Thumb Code    30  stm32f10x_tim.o(.text)
    TIM_SelectOCxM                           0x08002523   Thumb Code    82  stm32f10x_tim.o(.text)
    TIM_UpdateDisableConfig                  0x08002575   Thumb Code    24  stm32f10x_tim.o(.text)
    TIM_UpdateRequestConfig                  0x0800258d   Thumb Code    24  stm32f10x_tim.o(.text)
    TIM_SelectHallSensor                     0x080025a5   Thumb Code    24  stm32f10x_tim.o(.text)
    TIM_SelectOnePulseMode                   0x080025bd   Thumb Code    18  stm32f10x_tim.o(.text)
    TIM_SelectOutputTrigger                  0x080025cf   Thumb Code    18  stm32f10x_tim.o(.text)
    TIM_SelectSlaveMode                      0x080025e1   Thumb Code    18  stm32f10x_tim.o(.text)
    TIM_SelectMasterSlaveMode                0x080025f3   Thumb Code    18  stm32f10x_tim.o(.text)
    TIM_SetCounter                           0x08002605   Thumb Code     4  stm32f10x_tim.o(.text)
    TIM_SetAutoreload                        0x08002609   Thumb Code     4  stm32f10x_tim.o(.text)
    TIM_SetCompare1                          0x0800260d   Thumb Code     4  stm32f10x_tim.o(.text)
    TIM_SetCompare2                          0x08002611   Thumb Code     4  stm32f10x_tim.o(.text)
    TIM_SetCompare3                          0x08002615   Thumb Code     4  stm32f10x_tim.o(.text)
    TIM_SetCompare4                          0x08002619   Thumb Code     6  stm32f10x_tim.o(.text)
    TIM_SetClockDivision                     0x0800261f   Thumb Code    18  stm32f10x_tim.o(.text)
    TIM_GetCapture1                          0x08002631   Thumb Code     6  stm32f10x_tim.o(.text)
    TIM_GetCapture2                          0x08002637   Thumb Code     6  stm32f10x_tim.o(.text)
    TIM_GetCapture3                          0x0800263d   Thumb Code     6  stm32f10x_tim.o(.text)
    TIM_GetCapture4                          0x08002643   Thumb Code     8  stm32f10x_tim.o(.text)
    TIM_GetCounter                           0x0800264b   Thumb Code     6  stm32f10x_tim.o(.text)
    TIM_GetPrescaler                         0x08002651   Thumb Code     6  stm32f10x_tim.o(.text)
    TIM_GetFlagStatus                        0x08002657   Thumb Code    18  stm32f10x_tim.o(.text)
    TIM_ClearFlag                            0x08002669   Thumb Code     6  stm32f10x_tim.o(.text)
    TIM_GetITStatus                          0x0800266f   Thumb Code    34  stm32f10x_tim.o(.text)
    TIM_ClearITPendingBit                    0x08002691   Thumb Code     6  stm32f10x_tim.o(.text)
    USART_DeInit                             0x08002699   Thumb Code   134  stm32f10x_usart.o(.text)
    USART_Init                               0x0800271f   Thumb Code   210  stm32f10x_usart.o(.text)
    USART_StructInit                         0x080027f1   Thumb Code    24  stm32f10x_usart.o(.text)
    USART_ClockInit                          0x08002809   Thumb Code    34  stm32f10x_usart.o(.text)
    USART_ClockStructInit                    0x0800282b   Thumb Code    12  stm32f10x_usart.o(.text)
    USART_Cmd                                0x08002837   Thumb Code    24  stm32f10x_usart.o(.text)
    USART_ITConfig                           0x0800284f   Thumb Code    74  stm32f10x_usart.o(.text)
    USART_DMACmd                             0x08002899   Thumb Code    18  stm32f10x_usart.o(.text)
    USART_SetAddress                         0x080028ab   Thumb Code    18  stm32f10x_usart.o(.text)
    USART_WakeUpConfig                       0x080028bd   Thumb Code    18  stm32f10x_usart.o(.text)
    USART_ReceiverWakeUpCmd                  0x080028cf   Thumb Code    24  stm32f10x_usart.o(.text)
    USART_LINBreakDetectLengthConfig         0x080028e7   Thumb Code    18  stm32f10x_usart.o(.text)
    USART_LINCmd                             0x080028f9   Thumb Code    24  stm32f10x_usart.o(.text)
    USART_SendData                           0x08002911   Thumb Code     8  stm32f10x_usart.o(.text)
    USART_ReceiveData                        0x08002919   Thumb Code    10  stm32f10x_usart.o(.text)
    USART_SendBreak                          0x08002923   Thumb Code    10  stm32f10x_usart.o(.text)
    USART_SetGuardTime                       0x0800292d   Thumb Code    16  stm32f10x_usart.o(.text)
    USART_SetPrescaler                       0x0800293d   Thumb Code    16  stm32f10x_usart.o(.text)
    USART_SmartCardCmd                       0x0800294d   Thumb Code    24  stm32f10x_usart.o(.text)
    USART_SmartCardNACKCmd                   0x08002965   Thumb Code    24  stm32f10x_usart.o(.text)
    USART_HalfDuplexCmd                      0x0800297d   Thumb Code    24  stm32f10x_usart.o(.text)
    USART_OverSampling8Cmd                   0x08002995   Thumb Code    22  stm32f10x_usart.o(.text)
    USART_OneBitMethodCmd                    0x080029ab   Thumb Code    24  stm32f10x_usart.o(.text)
    USART_IrDAConfig                         0x080029c3   Thumb Code    18  stm32f10x_usart.o(.text)
    USART_IrDACmd                            0x080029d5   Thumb Code    24  stm32f10x_usart.o(.text)
    USART_GetFlagStatus                      0x080029ed   Thumb Code    26  stm32f10x_usart.o(.text)
    USART_ClearFlag                          0x08002a07   Thumb Code    18  stm32f10x_usart.o(.text)
    USART_GetITStatus                        0x08002a19   Thumb Code    84  stm32f10x_usart.o(.text)
    USART_ClearITPendingBit                  0x08002a6d   Thumb Code    52  stm32f10x_usart.o(.text)
    eMBFuncReadCoils                         0x08002aa1   Thumb Code   174  mbfunccoils.o(.text)
    eMBFuncWriteCoil                         0x08002b4f   Thumb Code   112  mbfunccoils.o(.text)
    eMBFuncWriteMultipleCoils                0x08002bbf   Thumb Code   144  mbfunccoils.o(.text)
    eMBFuncReadDiscreteInputs                0x08002c4f   Thumb Code   172  mbfuncdisc.o(.text)
    eMBFuncWriteHoldingRegister              0x08002cfb   Thumb Code    66  mbfuncholding.o(.text)
    eMBFuncWriteMultipleHoldingRegister      0x08002d3d   Thumb Code   110  mbfuncholding.o(.text)
    eMBFuncReadHoldingRegister               0x08002dab   Thumb Code   142  mbfuncholding.o(.text)
    eMBFuncReadWriteMultipleHoldingRegister  0x08002e39   Thumb Code   212  mbfuncholding.o(.text)
    eMBFuncReadInputRegister                 0x08002f0d   Thumb Code   140  mbfuncinput.o(.text)
    eMBSetSlaveID                            0x08002f99   Thumb Code   110  mbfuncother.o(.text)
    eMBFuncReportSlaveID                     0x08003007   Thumb Code    30  mbfuncother.o(.text)
    xMBUtilSetBits                           0x0800302d   Thumb Code    96  mbutils.o(.text)
    xMBUtilGetBits                           0x0800308d   Thumb Code    42  mbutils.o(.text)
    prveMBError2Exception                    0x080030b7   Thumb Code    34  mbutils.o(.text)
    usMBCRC16                                0x080030d9   Thumb Code    48  mbcrc.o(.text)
    eMBRTUInit                               0x08003111   Thumb Code    76  mbrtu.o(.text)
    eMBRTUStart                              0x0800315d   Thumb Code    22  mbrtu.o(.text)
    eMBRTUStop                               0x08003173   Thumb Code    16  mbrtu.o(.text)
    eMBRTUReceive                            0x08003183   Thumb Code    70  mbrtu.o(.text)
    eMBRTUSend                               0x080031c9   Thumb Code   146  mbrtu.o(.text)
    xMBRTUReceiveFSM                         0x0800325b   Thumb Code   122  mbrtu.o(.text)
    xMBRTUTransmitFSM                        0x080032d5   Thumb Code    94  mbrtu.o(.text)
    xMBRTUTimerT35Expired                    0x08003333   Thumb Code    60  mbrtu.o(.text)
    eMBInit                                  0x0800338d   Thumb Code   150  mb.o(.text)
    eMBRegisterCB                            0x08003423   Thumb Code   124  mb.o(.text)
    eMBClose                                 0x0800349f   Thumb Code    32  mb.o(.text)
    eMBEnable                                0x080034bf   Thumb Code    32  mb.o(.text)
    eMBDisable                               0x080034df   Thumb Code    42  mb.o(.text)
    eMBPoll                                  0x08003509   Thumb Code   208  mb.o(.text)
    xMBPortEventInit                         0x08003639   Thumb Code    10  portevent.o(.text)
    xMBPortEventPost                         0x08003643   Thumb Code    16  portevent.o(.text)
    xMBPortEventGet                          0x08003653   Thumb Code    26  portevent.o(.text)
    vMBPortSerialEnable                      0x08003675   Thumb Code    76  portserial.o(.text)
    xMBPortSerialInit                        0x080036c1   Thumb Code    24  portserial.o(.text)
    xMBPortSerialPutByte                     0x080036d9   Thumb Code    16  portserial.o(.text)
    xMBPortSerialGetByte                     0x080036e9   Thumb Code    16  portserial.o(.text)
    USART2_IRQHandler                        0x0800370d   Thumb Code    60  portserial.o(.text)
    xMBPortTimersInit                        0x08003759   Thumb Code   134  porttimer.o(.text)
    vMBPortTimersEnable                      0x080037df   Thumb Code    38  porttimer.o(.text)
    vMBPortTimersDisable                     0x08003805   Thumb Code    38  porttimer.o(.text)
    TIM4_IRQHandler                          0x08003835   Thumb Code    26  porttimer.o(.text)
    eMBRegInputCB                            0x0800385d   Thumb Code    82  port.o(.text)
    eMBRegHoldingCB                          0x080038af   Thumb Code   636  port.o(.text)
    eMBRegCoilsCB                            0x08003b2b   Thumb Code   164  port.o(.text)
    eMBRegDiscreteCB                         0x08003bcf   Thumb Code   108  port.o(.text)
    RS485_Init                               0x08003c89   Thumb Code   198  rs485.o(.text)
    RS485_Send_Data                          0x08003d4f   Thumb Code    74  rs485.o(.text)
    RS485_Receive_Data                       0x08003d99   Thumb Code    68  rs485.o(.text)
    SPI2_ReadWriteByte                       0x08003df1   Thumb Code    78  spi.o(.text)
    SPI2_Init                                0x08003e3f   Thumb Code   140  spi.o(.text)
    SPI2_SetSpeed                            0x08003ecb   Thumb Code    36  spi.o(.text)
    SD_SPI_ReadWriteByte                     0x08003ef9   Thumb Code    12  mmc_sd.o(.text)
    SD_SPI_SpeedLow                          0x08003f05   Thumb Code    10  mmc_sd.o(.text)
    SD_SPI_SpeedHigh                         0x08003f0f   Thumb Code    10  mmc_sd.o(.text)
    SD_SPI_Init                              0x08003f19   Thumb Code   110  mmc_sd.o(.text)
    SD_DisSelect                             0x08003f87   Thumb Code    18  mmc_sd.o(.text)
    SD_WaitReady                             0x08003f99   Thumb Code    34  mmc_sd.o(.text)
    SD_Select                                0x08003fbb   Thumb Code    26  mmc_sd.o(.text)
    SD_GetResponse                           0x08003fd5   Thumb Code    38  mmc_sd.o(.text)
    SD_RecvData                              0x08003ffb   Thumb Code    56  mmc_sd.o(.text)
    SD_SendBlock                             0x08004033   Thumb Code    82  mmc_sd.o(.text)
    SD_SendCmd                               0x08004085   Thumb Code   120  mmc_sd.o(.text)
    SD_GetCID                                0x080040fd   Thumb Code    42  mmc_sd.o(.text)
    SD_GetCSD                                0x08004127   Thumb Code    42  mmc_sd.o(.text)
    SD_GetSectorCount                        0x08004151   Thumb Code   118  mmc_sd.o(.text)
    SD_Initialize                            0x080041c7   Thumb Code   406  mmc_sd.o(.text)
    SD_ReadDisk                              0x0800435d   Thumb Code   112  mmc_sd.o(.text)
    SD_WriteDisk                             0x080043cd   Thumb Code   140  mmc_sd.o(.text)
    mymemcpy                                 0x0800445d   Thumb Code    26  malloc.o(.text)
    mymemset                                 0x08004477   Thumb Code    20  malloc.o(.text)
    mem_init                                 0x0800448b   Thumb Code    54  malloc.o(.text)
    mem_perused                              0x080044c1   Thumb Code    54  malloc.o(.text)
    mem_malloc                               0x080044f7   Thumb Code   162  malloc.o(.text)
    mem_free                                 0x08004599   Thumb Code    94  malloc.o(.text)
    myfree                                   0x080045f7   Thumb Code    32  malloc.o(.text)
    mymalloc                                 0x08004617   Thumb Code    34  malloc.o(.text)
    myrealloc                                0x08004639   Thumb Code    66  malloc.o(.text)
    LED_Init                                 0x0800468d   Thumb Code    50  led.o(.text)
    RTC_Get_Week                             0x080046e5   Thumb Code   114  rtc.o(.text)
    Is_Leap_Year                             0x08004757   Thumb Code    58  rtc.o(.text)
    RTC_Get                                  0x08004791   Thumb Code   246  rtc.o(.text)
    RTC_Set                                  0x08004887   Thumb Code   184  rtc.o(.text)
    RTC_Init                                 0x0800493f   Thumb Code   190  rtc.o(.text)
    RTC_IRQHandler                           0x080049fd   Thumb Code    40  rtc.o(.text)
    TIM2_Int_Init                            0x08004a45   Thumb Code   110  timer.o(.text)
    TIM2_IRQHandler                          0x08004ab3   Thumb Code   418  timer.o(.text)
    TIM3_Int_Init                            0x08004c55   Thumb Code    96  timer.o(.text)
    TIM3_IRQHandler                          0x08004cb5   Thumb Code  1384  timer.o(.text)
    TIM5_Int_Init                            0x0800521d   Thumb Code   106  timer.o(.text)
    TIM5_IRQHandler                          0x08005287   Thumb Code    22  timer.o(.text)
    TIM6_Int_Init                            0x0800529d   Thumb Code    88  timer.o(.text)
    hextoascii                               0x08005355   Thumb Code    80  recordmanage.o(.text)
    SD_Write_Process                         0x080053a5   Thumb Code   132  recordmanage.o(.text)
    Power_Event_Save                         0x08005429   Thumb Code    24  recordmanage.o(.text)
    Control_Event_Save                       0x08005441   Thumb Code    36  recordmanage.o(.text)
    Status_Event_Save                        0x08005465   Thumb Code    18  recordmanage.o(.text)
    Error_Event_Save                         0x08005477   Thumb Code    30  recordmanage.o(.text)
    Setting_Event_Save                       0x08005495   Thumb Code    48  recordmanage.o(.text)
    asciitohex                               0x080054c5   Thumb Code    68  recordmanage.o(.text)
    Event_Read                               0x08005509   Thumb Code   138  recordmanage.o(.text)
    SD_Process                               0x08005593   Thumb Code    70  recordmanage.o(.text)
    BEEP_Init                                0x08005601   Thumb Code    50  beep.o(.text)
    Slide_Time_Compare                       0x08005639   Thumb Code   112  exti.o(.text)
    EXTIX_Init                               0x080056a9   Thumb Code   334  exti.o(.text)
    EXTI9_5_IRQHandler                       0x080057f7   Thumb Code   356  exti.o(.text)
    EXTI15_10_IRQHandler                     0x0800595b   Thumb Code   184  exti.o(.text)
    EXTI2_IRQHandler                         0x08005a13   Thumb Code    74  exti.o(.text)
    delay_init                               0x08005a5d   Thumb Code    50  delay.o(.text)
    delay_us                                 0x08005a8f   Thumb Code    70  delay.o(.text)
    delay_ms                                 0x08005ad5   Thumb Code    70  delay.o(.text)
    NVIC_Configuration                       0x08005b2d   Thumb Code    12  sys.o(.text)
    _sys_exit                                0x08005b39   Thumb Code     6  usart.o(.text)
    fputc                                    0x08005b3f   Thumb Code    22  usart.o(.text)
    uart_init                                0x08005b55   Thumb Code   158  usart.o(.text)
    disk_initialize                          0x08005bfd   Thumb Code    48  diskio.o(.text)
    disk_status                              0x08005c2d   Thumb Code     6  diskio.o(.text)
    disk_read                                0x08005c33   Thumb Code    82  diskio.o(.text)
    disk_write                               0x08005c85   Thumb Code    62  diskio.o(.text)
    disk_ioctl                               0x08005cc3   Thumb Code    96  diskio.o(.text)
    get_fattime                              0x08005d23   Thumb Code     4  diskio.o(.text)
    ff_memalloc                              0x08005d27   Thumb Code    14  diskio.o(.text)
    ff_memfree                               0x08005d35   Thumb Code    14  diskio.o(.text)
    clust2sect                               0x08005eed   Thumb Code    26  ff.o(.text)
    get_fat                                  0x08005f07   Thumb Code   228  ff.o(.text)
    put_fat                                  0x08005feb   Thumb Code   314  ff.o(.text)
    gen_numname                              0x080065ad   Thumb Code   188  ff.o(.text)
    f_mount                                  0x08007341   Thumb Code    38  ff.o(.text)
    f_open                                   0x08007367   Thumb Code   392  ff.o(.text)
    f_read                                   0x080074ef   Thumb Code   474  ff.o(.text)
    f_write                                  0x080076c9   Thumb Code   550  ff.o(.text)
    f_sync                                   0x080078ef   Thumb Code   182  ff.o(.text)
    f_close                                  0x080079a5   Thumb Code    22  ff.o(.text)
    f_chdrive                                0x080079bb   Thumb Code    18  ff.o(.text)
    f_chdir                                  0x080079cd   Thumb Code   124  ff.o(.text)
    f_lseek                                  0x08007a49   Thumb Code   732  ff.o(.text)
    f_opendir                                0x08007d25   Thumb Code   140  ff.o(.text)
    f_readdir                                0x08007db1   Thumb Code   112  ff.o(.text)
    f_stat                                   0x08007e21   Thumb Code    82  ff.o(.text)
    f_getfree                                0x08007e73   Thumb Code   276  ff.o(.text)
    f_truncate                               0x08007f87   Thumb Code   156  ff.o(.text)
    f_unlink                                 0x08008023   Thumb Code   222  ff.o(.text)
    f_mkdir                                  0x08008101   Thumb Code   432  ff.o(.text)
    f_chmod                                  0x080082b1   Thumb Code   126  ff.o(.text)
    f_utime                                  0x0800832f   Thumb Code   124  ff.o(.text)
    f_rename                                 0x080083ab   Thumb Code   330  ff.o(.text)
    f_mkfs                                   0x080084f5   Thumb Code  1582  ff.o(.text)
    f_gets                                   0x08008b23   Thumb Code    78  ff.o(.text)
    f_putc                                   0x08008b71   Thumb Code    38  ff.o(.text)
    f_puts                                   0x08008b97   Thumb Code    40  ff.o(.text)
    f_printf                                 0x08008bbf   Thumb Code   704  ff.o(.text)
    test_init                                0x08008e81   Thumb Code   110  fattester.o(.text)
    mf_mount                                 0x08008eef   Thumb Code    18  fattester.o(.text)
    mf_open                                  0x08008f01   Thumb Code    24  fattester.o(.text)
    mf_close                                 0x08008f19   Thumb Code    14  fattester.o(.text)
    mf_read                                  0x08008f27   Thumb Code   224  fattester.o(.text)
    mf_write                                 0x08009007   Thumb Code    68  fattester.o(.text)
    mf_opendir                               0x0800904b   Thumb Code    14  fattester.o(.text)
    mf_readdir                               0x08009059   Thumb Code   204  fattester.o(.text)
    mf_scan_files                            0x08009125   Thumb Code   120  fattester.o(.text)
    mf_showfree                              0x0800919d   Thumb Code    88  fattester.o(.text)
    mf_lseek                                 0x080091f5   Thumb Code    16  fattester.o(.text)
    mf_tell                                  0x08009205   Thumb Code     8  fattester.o(.text)
    mf_size                                  0x0800920d   Thumb Code     8  fattester.o(.text)
    mf_mkdir                                 0x08009215   Thumb Code    12  fattester.o(.text)
    mf_fmkfs                                 0x08009221   Thumb Code    20  fattester.o(.text)
    mf_unlink                                0x08009235   Thumb Code    12  fattester.o(.text)
    mf_rename                                0x08009241   Thumb Code    16  fattester.o(.text)
    mf_gets                                  0x08009251   Thumb Code   552  fattester.o(.text)
    mf_putc                                  0x08009479   Thumb Code    18  fattester.o(.text)
    mf_puts                                  0x0800948b   Thumb Code    18  fattester.o(.text)
    mf_cpymsg                                0x0800949d   Thumb Code    54  fattester.o(.text)
    write_file                               0x080094d3   Thumb Code   272  fattester.o(.text)
    read_file                                0x080095e3   Thumb Code   102  fattester.o(.text)
    exfuns_init                              0x080096bd   Thumb Code   110  exfuns.o(.text)
    char_upper                               0x0800972b   Thumb Code    26  exfuns.o(.text)
    f_typetell                               0x08009745   Thumb Code   188  exfuns.o(.text)
    exf_getfree                              0x08009801   Thumb Code    74  exfuns.o(.text)
    ff_convert                               0x08009861   Thumb Code   116  cc936.o(.text)
    ff_wtoupper                              0x080098d5   Thumb Code    46  cc936.o(.text)
    __aeabi_memcpy                           0x08009915   Thumb Code    36  memcpya.o(.text)
    __aeabi_memcpy4                          0x08009915   Thumb Code     0  memcpya.o(.text)
    __aeabi_memcpy8                          0x08009915   Thumb Code     0  memcpya.o(.text)
    strcat                                   0x08009939   Thumb Code    24  strcat.o(.text)
    strcmp                                   0x08009951   Thumb Code    28  strcmp.o(.text)
    strcpy                                   0x0800996d   Thumb Code    18  strcpy.o(.text)
    __aeabi_uidiv                            0x0800997f   Thumb Code     0  uidiv.o(.text)
    __aeabi_uidivmod                         0x0800997f   Thumb Code    44  uidiv.o(.text)
    __scatterload                            0x080099ad   Thumb Code    28  init.o(.text)
    __scatterload_rt2                        0x080099ad   Thumb Code     0  init.o(.text)
    __decompress                             0x080099d1   Thumb Code     0  __dczerorl2.o(.text)
    __decompress1                            0x080099d1   Thumb Code    92  __dczerorl2.o(.text)
    __0printf$3                              0x08009a2d   Thumb Code    22  printf3.o(i.__0printf$3)
    __1printf$3                              0x08009a2d   Thumb Code     0  printf3.o(i.__0printf$3)
    __2printf                                0x08009a2d   Thumb Code     0  printf3.o(i.__0printf$3)
    __scatterload_copy                       0x08009a4d   Thumb Code    14  handlers.o(i.__scatterload_copy)
    __scatterload_null                       0x08009a5b   Thumb Code     2  handlers.o(i.__scatterload_null)
    __scatterload_zeroinit                   0x08009a5d   Thumb Code    14  handlers.o(i.__scatterload_zeroinit)
    memtblsize                               0x08009e24   Data           8  malloc.o(.constdata)
    memblksize                               0x08009e2c   Data           8  malloc.o(.constdata)
    memsize                                  0x08009e34   Data           8  malloc.o(.constdata)
    table_week                               0x08009e3c   Data          12  rtc.o(.constdata)
    mon_table                                0x08009e48   Data          12  rtc.o(.constdata)
    Region$$Table$$Base                      0x0800a32c   Number         0  anon$$obj.o(Region$$Table)
    Region$$Table$$Limit                     0x0800a34c   Number         0  anon$$obj.o(Region$$Table)
    SystemCoreClock                          0x20000000   Data           4  system_stm32f10x.o(.data)
    AHBPrescTable                            0x20000004   Data          16  system_stm32f10x.o(.data)
    bottonPressed                            0x20000014   Data           1  main.o(.data)
    limitReach                               0x20000015   Data           1  main.o(.data)
    statusChange                             0x20000016   Data           1  main.o(.data)
    cascadeChange                            0x20000017   Data           1  main.o(.data)
    groundCoilOnOff                          0x20000018   Data           1  main.o(.data)
    synchroOnOff                             0x20000019   Data           1  main.o(.data)
    remoteOnOff                              0x2000001a   Data           1  main.o(.data)
    bottonValue                              0x2000001b   Data           1  main.o(.data)
    bollardControlType                       0x2000001c   Data           1  main.o(.data)
    limitValue                               0x2000001d   Data           1  main.o(.data)
    limitValuePre                            0x2000001e   Data           1  main.o(.data)
    bollardStatus                            0x2000001f   Data           1  main.o(.data)
    bollardStatusPre                         0x20000020   Data           1  main.o(.data)
    cascadeConnection                        0x20000021   Data           1  main.o(.data)
    cascadeConnectionPre                     0x20000022   Data           1  main.o(.data)
    cascadeConnectionAft                     0x20000023   Data           1  main.o(.data)
    groundCoilStatus                         0x20000024   Data           1  main.o(.data)
    upDownTime                               0x20000025   Data           1  init.o(.data)
    pxMBFrameCBByteReceived                  0x200000f0   Data           4  mb.o(.data)
    pxMBFrameCBTransmitterEmpty              0x200000f4   Data           4  mb.o(.data)
    pxMBPortCBTimerExpired                   0x200000f8   Data           4  mb.o(.data)
    pxMBFrameCBReceiveFSMCur                 0x200000fc   Data           4  mb.o(.data)
    pxMBFrameCBTransmitFSMCur                0x20000100   Data           4  mb.o(.data)
    usRegInputBuf                            0x20000108   Data          20  port.o(.data)
    usRegHoldingBuf                          0x2000011c   Data           4  port.o(.data)
    REG_INPUT_START                          0x20000120   Data           1  port.o(.data)
    REG_HOLDING_START                        0x20000121   Data           1  port.o(.data)
    REG_INPUT_NREGS                          0x20000122   Data           1  port.o(.data)
    REG_HOLDING_NREGS                        0x20000123   Data           1  port.o(.data)
    usRegInputStart                          0x20000124   Data           1  port.o(.data)
    usRegHoldingStart                        0x20000125   Data           1  port.o(.data)
    REG_COILS_START                          0x20000126   Data           1  port.o(.data)
    REG_DISCRETE_START                       0x20000127   Data           1  port.o(.data)
    REG_COILS_SIZE                           0x20000128   Data           1  port.o(.data)
    REG_DISCRETE_SIZE                        0x20000129   Data           1  port.o(.data)
    remoteControl                            0x2000012a   Data           1  port.o(.data)
    remoteValue                              0x2000012b   Data           1  port.o(.data)
    RS485_RX_CNT                             0x2000012c   Data           1  rs485.o(.data)
    SD_Type                                  0x2000012d   Data           1  mmc_sd.o(.data)
    mallco_dev                               0x20000130   Data          28  malloc.o(.data)
    TimeOut                                  0x20000150   Data           1  timer.o(.data)
    timeSliceCnt                             0x20000154   Data           4  timer.o(.data)
    maxSliceCnt                              0x20000158   Data           4  timer.o(.data)
    remoteEmergencyStatus                    0x2000015c   Data           1  timer.o(.data)
    bottonFlag                               0x2000015d   Data           1  timer.o(.data)
    remoteFlag                               0x2000015e   Data           1  timer.o(.data)
    cascadeFlag                              0x2000015f   Data           1  timer.o(.data)
    alarmOn                                  0x20000160   Data           1  timer.o(.data)
    controlOn                                0x20000161   Data           1  timer.o(.data)
    controlSource                            0x20000162   Data           1  timer.o(.data)
    slideTime                                0x20000163   Data           1  exti.o(.data)
    USART_RX_STA                             0x20000168   Data           2  usart.o(.data)
    __stdout                                 0x2000016c   Data           4  usart.o(.data)
    fs                                       0x2000017c   Data           8  fattester.o(.data)
    file                                     0x20000184   Data           4  fattester.o(.data)
    ftemp                                    0x20000188   Data           4  fattester.o(.data)
    br                                       0x2000018c   Data           4  fattester.o(.data)
    bw                                       0x20000190   Data           4  fattester.o(.data)
    fatbuf                                   0x20000194   Data           4  fattester.o(.data)
    FILE_TYPE_TBL                            0x20000198   Data         312  exfuns.o(.data)
    ucRTUBuf                                 0x200002f0   Data         256  mbrtu.o(.bss)
    ucRegCoilsBuf                            0x200003f0   Data          20  port.o(.bss)
    ucRegDiscreteBuf                         0x20000404   Data          20  port.o(.bss)
    RS485_RX_BUF                             0x20000418   Data          64  rs485.o(.bss)
    mem1base                                 0x20000458   Data       10240  malloc.o(.bss)
    mem1mapbase                              0x20002c58   Data         640  malloc.o(.bss)
    calendar                                 0x20002ed8   Data          10  rtc.o(.bss)
    slideCalendarPre1                        0x20002ee2   Data          10  exti.o(.bss)
    slideCalendarPre2                        0x20002eec   Data          10  exti.o(.bss)
    slideCalendarPre3                        0x20002ef6   Data          10  exti.o(.bss)
    fileinfo                                 0x20002f00   Data          32  fattester.o(.bss)
    dir                                      0x20002f20   Data          36  fattester.o(.bss)
    __initial_sp                             0x20003348   Data           0  startup_stm32f10x_hd.o(STACK)
    mem2base                                 0x68000000   Data       196608  malloc.o(.ARM.__AT_0x68000000)
    mem2mapbase                              0x68030000   Data       12288  malloc.o(.ARM.__AT_0x68030000)



==============================================================================

Memory Map of the image

  Image Entry point : 0x08000131

  Load Region LR_IROM1 (Base: 0x08000000, Size: 0x0000a61c, Max: 0x00020000, ABSOLUTE, COMPRESSED[0x0000a430])

    Execution Region ER_IROM1 (Base: 0x08000000, Size: 0x0000a34c, Max: 0x00020000, ABSOLUTE)

    Base Addr    Size         Type   Attr      Idx    E Section Name        Object

    0x08000000   0x00000130   Data   RO          346    RESET               startup_stm32f10x_hd.o
    0x08000130   0x00000000   Code   RO         1350  * .ARM.Collect$$$$00000000  mc_w.l(entry.o)
    0x08000130   0x00000004   Code   RO         1624    .ARM.Collect$$$$00000001  mc_w.l(entry2.o)
    0x08000134   0x00000004   Code   RO         1627    .ARM.Collect$$$$00000004  mc_w.l(entry5.o)
    0x08000138   0x00000000   Code   RO         1629    .ARM.Collect$$$$00000008  mc_w.l(entry7b.o)
    0x08000138   0x00000000   Code   RO         1631    .ARM.Collect$$$$0000000A  mc_w.l(entry8b.o)
    0x08000138   0x00000008   Code   RO         1632    .ARM.Collect$$$$0000000B  mc_w.l(entry9a.o)
    0x08000140   0x00000000   Code   RO         1634    .ARM.Collect$$$$0000000D  mc_w.l(entry10a.o)
    0x08000140   0x00000000   Code   RO         1636    .ARM.Collect$$$$0000000F  mc_w.l(entry11a.o)
    0x08000140   0x00000004   Code   RO         1625    .ARM.Collect$$$$00002712  mc_w.l(entry2.o)
    0x08000144   0x0000001a   Code   RO            1    .text               stm32f10x_it.o
    0x0800015e   0x00000002   PAD
    0x08000160   0x000001dc   Code   RO          104    .text               system_stm32f10x.o
    0x0800033c   0x00000174   Code   RO          122    .text               main.o
    0x080004b0   0x0000009c   Code   RO          261    .text               init.o
    0x0800054c   0x00000438   Code   RO          319    .text               controlfunction.o
    0x08000984   0x00000024   Code   RO          347    .text               startup_stm32f10x_hd.o
    0x080009a8   0x000000dc   Code   RO          351    .text               misc.o
    0x08000a84   0x000000c4   Code   RO          401    .text               stm32f10x_bkp.o
    0x08000b48   0x0000011c   Code   RO          485    .text               stm32f10x_exti.o
    0x08000c64   0x00000358   Code   RO          521    .text               stm32f10x_gpio.o
    0x08000fbc   0x000000cc   Code   RO          557    .text               stm32f10x_pwr.o
    0x08001088   0x000003a4   Code   RO          569    .text               stm32f10x_rcc.o
    0x0800142c   0x00000144   Code   RO          583    .text               stm32f10x_rtc.o
    0x08001570   0x0000030c   Code   RO          607    .text               stm32f10x_spi.o
    0x0800187c   0x00000e1a   Code   RO          619    .text               stm32f10x_tim.o
    0x08002696   0x00000002   PAD
    0x08002698   0x00000408   Code   RO          631    .text               stm32f10x_usart.o
    0x08002aa0   0x000001ae   Code   RO          701    .text               mbfunccoils.o
    0x08002c4e   0x000000ac   Code   RO          716    .text               mbfuncdisc.o
    0x08002cfa   0x00000212   Code   RO          728    .text               mbfuncholding.o
    0x08002f0c   0x0000008c   Code   RO          749    .text               mbfuncinput.o
    0x08002f98   0x00000094   Code   RO          761    .text               mbfuncother.o
    0x0800302c   0x000000ac   Code   RO          776    .text               mbutils.o
    0x080030d8   0x00000038   Code   RO          788    .text               mbcrc.o
    0x08003110   0x0000027c   Code   RO          802    .text               mbrtu.o
    0x0800338c   0x000002ac   Code   RO          830    .text               mb.o
    0x08003638   0x0000003c   Code   RO          851    .text               portevent.o
    0x08003674   0x000000e4   Code   RO          865    .text               portserial.o
    0x08003758   0x00000104   Code   RO          884    .text               porttimer.o
    0x0800385c   0x0000042c   Code   RO          896    .text               port.o
    0x08003c88   0x00000168   Code   RO          913    .text               rs485.o
    0x08003df0   0x00000108   Code   RO          935    .text               spi.o
    0x08003ef8   0x00000564   Code   RO          950    .text               mmc_sd.o
    0x0800445c   0x00000230   Code   RO          976    .text               malloc.o
    0x0800468c   0x00000038   Code   RO          998    .text               led.o
    0x080046c4   0x00000380   Code   RO         1013    .text               rtc.o
    0x08004a44   0x00000910   Code   RO         1033    .text               timer.o
    0x08005354   0x000002ac   Code   RO         1049    .text               recordmanage.o
    0x08005600   0x00000038   Code   RO         1089    .text               beep.o
    0x08005638   0x00000424   Code   RO         1101    .text               exti.o
    0x08005a5c   0x000000d0   Code   RO         1163    .text               delay.o
    0x08005b2c   0x0000000c   Code   RO         1177    .text               sys.o
    0x08005b38   0x000000c4   Code   RO         1189    .text               usart.o
    0x08005bfc   0x0000014c   Code   RO         1212    .text               diskio.o
    0x08005d48   0x00003136   Code   RO         1238    .text               ff.o
    0x08008e7e   0x00000002   PAD
    0x08008e80   0x0000083c   Code   RO         1262    .text               fattester.o
    0x080096bc   0x000001a4   Code   RO         1293    .text               exfuns.o
    0x08009860   0x000000b4   Code   RO         1327    .text               cc936.o
    0x08009914   0x00000024   Code   RO         1353    .text               mc_w.l(memcpya.o)
    0x08009938   0x00000018   Code   RO         1355    .text               mc_w.l(strcat.o)
    0x08009950   0x0000001c   Code   RO         1357    .text               mc_w.l(strcmp.o)
    0x0800996c   0x00000012   Code   RO         1359    .text               mc_w.l(strcpy.o)
    0x0800997e   0x0000002c   Code   RO         1638    .text               mc_w.l(uidiv.o)
    0x080099aa   0x00000002   PAD
    0x080099ac   0x00000024   Code   RO         1653    .text               mc_w.l(init.o)
    0x080099d0   0x0000005c   Code   RO         1671    .text               mc_w.l(__dczerorl2.o)
    0x08009a2c   0x00000020   Code   RO         1452    i.__0printf$3       mc_w.l(printf3.o)
    0x08009a4c   0x0000000e   Code   RO         1665    i.__scatterload_copy  mc_w.l(handlers.o)
    0x08009a5a   0x00000002   Code   RO         1666    i.__scatterload_null  mc_w.l(handlers.o)
    0x08009a5c   0x0000000e   Code   RO         1667    i.__scatterload_zeroinit  mc_w.l(handlers.o)
    0x08009a6a   0x00000002   PAD
    0x08009a6c   0x000001b8   Code   RO         1459    i._printf_core      mc_w.l(printf3.o)
    0x08009c24   0x00000200   Data   RO          789    .constdata          mbcrc.o
    0x08009e24   0x00000018   Data   RO          980    .constdata          malloc.o
    0x08009e3c   0x00000018   Data   RO         1015    .constdata          rtc.o
    0x08009e54   0x0000003a   Data   RO         1239    .constdata          ff.o
    0x08009e8e   0x00000002   PAD
    0x08009e90   0x0000007e   Data   RO         1264    .constdata          fattester.o
    0x08009f0e   0x000003c4   Data   RO         1328    .constdata          cc936.o
    0x0800a2d2   0x00000058   Data   RO         1294    .conststring        exfuns.o
    0x0800a32a   0x00000002   PAD
    0x0800a32c   0x00000020   Data   RO         1663    Region$$Table       anon$$obj.o


    Execution Region RW_IRAM1 (Base: 0x20000000, Size: 0x00003348, Max: 0x00005000, ABSOLUTE, COMPRESSED[0x000000e4])

    Base Addr    Size         Type   Attr      Idx    E Section Name        Object

    0x20000000   0x00000014   Data   RW          105    .data               system_stm32f10x.o
    0x20000014   0x00000011   Data   RW          123    .data               main.o
    0x20000025   0x00000001   Data   RW          262    .data               init.o
    0x20000026   0x00000001   Data   RW          320    .data               controlfunction.o
    0x20000027   0x00000014   Data   RW          570    .data               stm32f10x_rcc.o
    0x2000003b   0x00000001   PAD
    0x2000003c   0x00000002   Data   RW          763    .data               mbfuncother.o
    0x2000003e   0x00000002   PAD
    0x20000040   0x0000000c   Data   RW          804    .data               mbrtu.o
    0x2000004c   0x000000b8   Data   RW          831    .data               mb.o
    0x20000104   0x00000002   Data   RW          852    .data               portevent.o
    0x20000106   0x00000002   PAD
    0x20000108   0x00000024   Data   RW          898    .data               port.o
    0x2000012c   0x00000001   Data   RW          915    .data               rs485.o
    0x2000012d   0x00000001   Data   RW          951    .data               mmc_sd.o
    0x2000012e   0x00000002   PAD
    0x20000130   0x0000001c   Data   RW          981    .data               malloc.o
    0x2000014c   0x00000002   Data   RW         1016    .data               rtc.o
    0x2000014e   0x00000002   PAD
    0x20000150   0x00000013   Data   RW         1034    .data               timer.o
    0x20000163   0x00000001   Data   RW         1103    .data               exti.o
    0x20000164   0x00000004   Data   RW         1164    .data               delay.o
    0x20000168   0x00000008   Data   RW         1191    .data               usart.o
    0x20000170   0x0000000b   Data   RW         1240    .data               ff.o
    0x2000017b   0x00000001   PAD
    0x2000017c   0x0000001c   Data   RW         1265    .data               fattester.o
    0x20000198   0x00000138   Data   RW         1295    .data               exfuns.o
    0x200002d0   0x00000020   Zero   RW          762    .bss                mbfuncother.o
    0x200002f0   0x00000100   Zero   RW          803    .bss                mbrtu.o
    0x200003f0   0x00000028   Zero   RW          897    .bss                port.o
    0x20000418   0x00000040   Zero   RW          914    .bss                rs485.o
    0x20000458   0x00002a80   Zero   RW          979    .bss                malloc.o
    0x20002ed8   0x0000000a   Zero   RW         1014    .bss                rtc.o
    0x20002ee2   0x0000001e   Zero   RW         1102    .bss                exti.o
    0x20002f00   0x00000044   Zero   RW         1263    .bss                fattester.o
    0x20002f44   0x00000004   PAD
    0x20002f48   0x00000400   Zero   RW          344    STACK               startup_stm32f10x_hd.o



  Load Region LR$$.ARM.__AT_0x68000000 (Base: 0x68000000, Size: 0x00000000, Max: 0x00030000, ABSOLUTE)

    Execution Region ER$$.ARM.__AT_0x68000000 (Base: 0x68000000, Size: 0x00030000, Max: 0x00030000, ABSOLUTE, UNINIT)

    Base Addr    Size         Type   Attr      Idx    E Section Name        Object

    0x68000000   0x00030000   Zero   RW          977    .ARM.__AT_0x68000000  malloc.o



  Load Region LR$$.ARM.__AT_0x68030000 (Base: 0x68030000, Size: 0x00000000, Max: 0x00003000, ABSOLUTE)

    Execution Region ER$$.ARM.__AT_0x68030000 (Base: 0x68030000, Size: 0x00003000, Max: 0x00003000, ABSOLUTE, UNINIT)

    Base Addr    Size         Type   Attr      Idx    E Section Name        Object

    0x68030000   0x00003000   Zero   RW          978    .ARM.__AT_0x68030000  malloc.o


==============================================================================

Image component sizes


      Code (inc. data)   RO Data    RW Data    ZI Data      Debug   Object Name

        56          6          0          0          0        452   beep.o
       180         18        964          0          0       2089   cc936.o
      1080        138          0          1          0       2456   controlfunction.o
         0          0          0          0          0         32   core_cm3.o
       208         18          0          4          0        943   delay.o
       332          6          0          0          0       4017   diskio.o
       420         22         88        312          0       2268   exfuns.o
      1060         46          0          1         30       1727   exti.o
      2108        628        126         28         68       9375   fattester.o
     12598        128         58         11          0      34803   ff.o
       156         12          0          1          0        929   init.o
        56          6          0          0          0        443   led.o
       372         76          0         17          0     241414   main.o
       560         18         24         28     219776       4424   malloc.o
       684         96          0        184          0       4006   mb.o
         0          0          0          0          0       3761   mbascii.o
        56          8        512          0          0       1096   mbcrc.o
       430          0          0          0          0       2914   mbfunccoils.o
       172          0          0          0          0       1516   mbfuncdisc.o
       530          0          0          0          0       5985   mbfuncholding.o
       140          0          0          0          0       1471   mbfuncinput.o
       148          8          0          2         32       1653   mbfuncother.o
       636         30          0         12        256       3533   mbrtu.o
       172          0          0          0          0       1790   mbutils.o
       220         20          0          0          0     208553   misc.o
      1380         22          0          1          0       5566   mmc_sd.o
      1068         92          0         36         40       3710   port.o
        60          8          0          2          0       1380   portevent.o
       228         16          0          0          0       2008   portserial.o
       260         14          0          0          0       1209   porttimer.o
       684         46          0          0          0       3789   recordmanage.o
       360         20          0          1         64       1860   rs485.o
       896         32         24          2         10       3480   rtc.o
       264         10          0          0          0       1061   spi.o
        36          8        304          0       1024        748   startup_stm32f10x_hd.o
       196          8          0          0          0       3384   stm32f10x_bkp.o
       284         10          0          0          0       2155   stm32f10x_exti.o
       856         40          0          0          0       5569   stm32f10x_gpio.o
        26          0          0          0          0      55594   stm32f10x_it.o
       204         16          0          0          0       1879   stm32f10x_pwr.o
       932         44          0         20          0       8704   stm32f10x_rcc.o
       324          4          0          0          0       2630   stm32f10x_rtc.o
       780         14          0          0          0       6450   stm32f10x_spi.o
      3610         88          0          0          0      22052   stm32f10x_tim.o
      1032         22          0          0          0       8292   stm32f10x_usart.o
        12          0          0          0          0        413   sys.o
       476         36          0         20          0       1623   system_stm32f10x.o
      2320        190          0         19          0       3393   timer.o
       196         10          0          8          0       2925   usart.o

    ----------------------------------------------------------------------
     38864       2034       2136        720     221304     691524   Object Totals
         0          0         32          0          0          0   (incl. Generated)
         6          0          4         10          4          0   (incl. Padding)

    ----------------------------------------------------------------------

      Code (inc. data)   RO Data    RW Data    ZI Data      Debug   Library Member Name

        92          0          0          0          0          0   __dczerorl2.o
         0          0          0          0          0          0   entry.o
         0          0          0          0          0          0   entry10a.o
         0          0          0          0          0          0   entry11a.o
         8          4          0          0          0          0   entry2.o
         4          0          0          0          0          0   entry5.o
         0          0          0          0          0          0   entry7b.o
         0          0          0          0          0          0   entry8b.o
         8          4          0          0          0          0   entry9a.o
        30          0          0          0          0          0   handlers.o
        36          8          0          0          0         68   init.o
        36          0          0          0          0         68   memcpya.o
       472         14          0          0          0        180   printf3.o
        24          0          0          0          0         68   strcat.o
        28          0          0          0          0         76   strcmp.o
        18          0          0          0          0         68   strcpy.o
        44          0          0          0          0         80   uidiv.o

    ----------------------------------------------------------------------
       804         30          0          0          0        608   Library Totals
         4          0          0          0          0          0   (incl. Padding)

    ----------------------------------------------------------------------

      Code (inc. data)   RO Data    RW Data    ZI Data      Debug   Library Name

       800         30          0          0          0        608   mc_w.l

    ----------------------------------------------------------------------
       804         30          0          0          0        608   Library Totals

    ----------------------------------------------------------------------

==============================================================================


      Code (inc. data)   RO Data    RW Data    ZI Data      Debug   

     39668       2064       2136        720     221304     687868   Grand Totals
     39668       2064       2136        228     221304     687868   ELF Image Totals (compressed)
     39668       2064       2136        228          0          0   ROM Totals

==============================================================================

    Total RO  Size (Code + RO Data)                41804 (  40.82kB)
    Total RW  Size (RW Data + ZI Data)            222024 ( 216.82kB)
    Total ROM Size (Code + RO Data + RW Data)      42032 (  41.05kB)

==============================================================================

